Starting kit application with the following args:  ['/isaac-sim/exts/isaacsim.simulation_app/isaacsim/simulation_app/simulation_app.py', '/isaac-sim/apps/isaacsim.exp.base.python.kit', '--/app/tokens/exe-path=/isaac-sim/kit', '--/persistent/app/viewport/displayOptions=3094', '--/rtx/materialDb/syncLoads=True', '--/rtx/hydra/materialSyncLoads=True', '--/omni.kit.plugin/syncUsdLoads=True', '--/app/renderer/resolution/width=1280', '--/app/renderer/resolution/height=720', '--/app/window/width=1440', '--/app/window/height=900', '--/renderer/multiGpu/enabled=True', '--/app/fastShutdown=True', '--/app/installSignalHandlers=0', '--ext-folder', '/isaac-sim/exts', '--ext-folder', '/isaac-sim/apps', '--/physics/cudaDevice=0', '--/plugins/carb.tasking.plugin/threadCount=32', '--/plugins/omni.tbb.globalcontrol/maxThreadCount=32', '--portable', '--allow-root']
Passing the following args to the base kit application:  []
[Info] [carb] Logging to file: /isaac-sim/kit/logs/Kit/Isaac-Sim Python/5.1/kit_20260522_175710.log
[0.082s] [ext: omni.kit.async_engine-0.0.3] startup
[0.715s] [ext: omni.metrics.core-0.0.3] startup
[0.716s] [ext: omni.client.lib-1.1.0] startup
[0.738s] [ext: omni.blobkey-1.1.2] startup
[0.738s] [ext: omni.stats-1.0.1] startup
[0.739s] [ext: omni.datastore-0.0.0] startup
[0.747s] [ext: omni.client-1.3.0] startup
[0.756s] [ext: omni.ujitso.default-1.0.0] startup
[0.759s] [ext: omni.hsscclient-1.1.2] startup
[0.764s] [ext: omni.gpu_foundation.shadercache.vulkan-1.0.0] startup
[0.770s] [ext: omni.assets.plugins-0.0.0] startup
[0.771s] [ext: omni.gpu_foundation-0.0.0] startup
[0.782s] [ext: carb.windowing.plugins-1.0.0] startup
[0.794s] [ext: omni.kit.renderer.init-0.0.0] startup

|---------------------------------------------------------------------------------------------|
| Driver Version: 570.133.07    | Graphics API: Vulkan
|=============================================================================================|
| GPU | Name                             | Active | LDA | GPU Memory | Vendor-ID | LUID       |
|     |                                  |        |     |            | Device-ID | UUID       |
|     |                                  |        |     |            | Bus-ID    |            |
|---------------------------------------------------------------------------------------------|
| 0   | NVIDIA RTX 5880 Ada Generation   | Yes: 0 |     | 49386   MB | 10de      | 0          |
|     |                                  |        |     |            | 26b3      | ad239854.. |
|     |                                  |        |     |            | 6b        |            |
|=============================================================================================|
| OS: 24.04.3 LTS (Noble Numbat) ubuntu, Version: 24.04.3, Kernel: 5.15.0-139-generic
| XServer Vendor: The X.Org Foundation, XServer Version: 12101011 (1.21.1.11)
| Processor: Intel(R) Xeon(R) Silver 4416+
| Cores: 20 | Logical Cores: 40
|---------------------------------------------------------------------------------------------|
| Total Memory (MB): 16384 | Free Memory: 11354
| Total Page/Swap (MB): 2047 | Free Page/Swap: 0
|---------------------------------------------------------------------------------------------|
2026-05-22T17:57:12Z [1,959ms] [Warning] [gpu.foundation.plugin] CPU performance profile is set to powersave. This profile sets the CPU to the lowest frequency reducing performance.
[2.263s] [ext: omni.kit.pipapi-0.0.0] startup
[2.266s] [ext: omni.kit.pip_archive-0.0.0] startup
[2.266s] [ext: omni.pip.compute-1.6.3] startup
[2.267s] [ext: omni.materialx.libs-1.0.7] startup
[2.278s] [ext: omni.pip.cloud-1.4.3] startup
[2.284s] [ext: omni.isaac.core_archive-3.0.0] startup
[2.285s] [ext: omni.usd.config-1.0.6] startup
[2.291s] [ext: omni.gpucompute.plugins-0.0.0] startup
[2.292s] [ext: omni.usd.libs-1.0.1] startup
[2.412s] [ext: omni.kit.telemetry-0.5.2] startup
[2.444s] [ext: omni.mdl-56.0.3] startup
[2.620s] [ext: omni.iray.libs-0.0.0] startup
[2.627s] [ext: omni.mdl.neuraylib-0.2.12] startup
[2.630s] [ext: omni.kit.usd.mdl-1.1.5] startup
[2.784s] [ext: omni.isaac.ml_archive-3.0.4] startup
[2.785s] [ext: omni.kit.loop-isaac-1.3.7] startup
[2.786s] [ext: omni.kit.test-2.0.1] startup
[2.868s] [ext: omni.appwindow-1.1.10] startup
[2.873s] [ext: omni.kit.renderer.core-1.1.0] startup
[2.944s] [ext: omni.kit.renderer.capture-0.0.0] startup
[2.948s] [ext: omni.kit.renderer.imgui-2.0.5] startup
[3.043s] [ext: omni.ui-2.27.1] startup
[3.059s] [ext: omni.kit.mainwindow-1.0.3] startup
[3.060s] [ext: carb.audio-0.1.0] startup
[3.082s] [ext: omni.uiaudio-1.0.0] startup
[3.084s] [ext: omni.kit.uiapp-0.0.0] startup
[3.084s] [ext: omni.usd.schema.metrics.assembler-107.3.1] startup
[3.089s] [ext: omni.usd.schema.audio-0.0.0] startup
[3.094s] [ext: omni.anim.graph.schema-107.3.3] startup
[3.111s] [ext: omni.usd_resolver-1.0.0] startup
[3.117s] [ext: omni.usd.core-1.5.3] startup
[3.120s] [ext: omni.usd.schema.render_settings.rtx-0.0.0] startup
[3.155s] [ext: omni.usd.schema.semantics-0.0.0] startup
[3.159s] [ext: isaacsim.robot.schema-3.6.0] startup
[3.172s] [ext: omni.usd.schema.geospatial-0.0.0] startup
[3.176s] [ext: omni.usd.schema.anim-0.0.0] startup
[3.200s] [ext: omni.kit.window.popup_dialog-2.0.24] startup
[3.207s] [ext: usdrt.scenegraph-7.6.1] startup
[3.268s] [ext: omni.timeline-1.0.14] startup
[3.271s] [ext: omni.resourcemonitor-107.0.1] startup
[3.274s] [ext: omni.activity.core-1.0.3] startup
[3.276s] [ext: omni.kit.widget.nucleus_connector-2.0.1] startup
[3.279s] [ext: omni.hydra.usdrt_delegate-7.5.1] startup
[3.289s] [ext: omni.kit.actions.core-1.0.0] startup
[3.292s] [ext: omni.graph.exec-0.9.6] startup
[3.293s] [ext: omni.kit.commands-1.4.10] startup
[3.298s] [ext: omni.kit.usd_undo-0.1.8] startup
[3.299s] [ext: omni.kit.exec.core-0.13.4] startup
[3.302s] [ext: omni.kit.audiodeviceenum-1.0.2] startup
[3.304s] [ext: omni.hydra.scene_delegate-0.3.4] startup
[3.311s] [ext: omni.usd-1.13.10] startup
[3.349s] [ext: omni.kit.asset_converter-5.0.17] startup
[3.367s] [ext: omni.usd.schema.flow-107.1.1] startup
[3.368s] [ext: omni.usd.schema.omnigraph-1.0.0] startup
[3.377s] [ext: omni.usd.schema.omni_sensors-0.0.0] startup
[3.378s] [ext: omni.anim.navigation.schema-107.3.3] startup
[3.383s] [ext: omni.inspect-1.0.2] startup
[3.385s] [ext: omni.kit.notification_manager-1.0.10] startup
[3.387s] [ext: omni.graph.core-2.184.5] startup
[3.391s] [ext: isaacsim.core.deprecation_manager-0.2.7] startup
[3.393s] [ext: omni.usd.schema.physx-107.3.26] startup
[3.445s] [ext: omni.usd.schema.isaac-3.0.5] startup
[3.446s] [ext: omni.usd.schema.omniscripting-1.0.0] startup
[3.452s] [ext: omni.usd.schema.omni_lens_distortion-0.0.0] startup
[3.453s] [ext: omni.kvdb-107.3.26] startup
[3.455s] [ext: omni.usdphysics-107.3.26] startup
[3.458s] [ext: omni.physx.foundation-107.3.26] startup
[3.461s] [ext: omni.localcache-107.3.26] startup
[3.463s] [ext: omni.convexdecomposition-107.3.26] startup
[3.467s] [ext: omni.physx.cooking-107.3.26] startup
[3.471s] [ext: omni.physx-107.3.26] startup
[3.486s] [ext: omni.physics-107.3.26] startup
[3.491s] [ext: omni.kit.usd.layers-2.2.11] startup
[3.504s] [ext: omni.physics.physx-107.3.26] startup
2026-05-22T17:57:14Z [3,479ms] [Warning] [carb] Acquiring non optional plugin interface which is not listed as dependency: [omni::physx::IPhysxBenchmarks v1.0] (plugin: <default plugin>), by client: omni.physics.physx.plugin. Add it to CARB_PLUGIN_IMPL_DEPS() macro of a client.
[3.507s] [ext: omni.physics.stageupdate-107.3.26] startup
[3.509s] [ext: omni.kit.numpy.common-0.1.3] startup
[3.512s] [ext: isaacsim.core.version-2.0.6] startup
[3.513s] [ext: omni.isaac.dynamic_control-2.0.7] startup
2026-05-22T17:57:14Z [3,494ms] [Warning] [omni.isaac.dynamic_control] omni.isaac.dynamic_control is deprecated as of Isaac Sim 4.5. No action is needed from end-users.
[3.522s] [ext: isaacsim.storage.native-1.5.1] startup
[3.524s] [ext: omni.kit.menu.core-1.1.2] startup
[3.525s] [ext: omni.kit.helper.file_utils-0.1.9] startup
[3.528s] [ext: omni.usd.metrics.assembler-107.3.1] startup
[3.537s] [ext: omni.kit.widget.context_menu-1.2.5] startup
[3.540s] [ext: omni.warp.core-1.8.2] startup
[3.908s] [ext: omni.usd.metrics.assembler.physics-107.3.26] startup
[3.911s] [ext: omni.physics.tensors-107.3.26] startup
[3.919s] [ext: omni.kit.context_menu-1.8.6] startup
[3.922s] [ext: omni.kit.clipboard-1.0.5] startup
[3.923s] [ext: isaacsim.core.utils-3.5.1] startup
[3.927s] [ext: omni.kit.widget.filebrowser-2.12.3] startup
[3.935s] [ext: omni.kit.widget.options_menu-1.1.6] startup
[3.939s] [ext: omni.kit.widget.path_field-2.0.11] startup
[3.940s] [ext: omni.index.libs-380600.8087.0] startup
[3.940s] [ext: omni.ui.scene-1.11.5] startup
[3.947s] [ext: omni.kit.widget.options_button-1.0.3] startup
[3.948s] [ext: omni.kit.widget.browser_bar-2.0.10] startup
[3.950s] [ext: omni.index-1.0.1] startup
[3.950s] [ext: omni.hydra.rtx.shadercache.vulkan-1.0.0] startup
[3.952s] [ext: omni.kit.window.filepicker-2.13.4] startup
[3.975s] [ext: omni.volume-0.5.2] startup
[3.979s] [ext: omni.ujitso.client-0.0.0] startup
[3.979s] [ext: omni.graph.tools-1.79.2] startup
[4.018s] [ext: omni.graph.image.core-0.6.1] startup
[4.020s] [ext: omni.hydra.rtx-1.0.0] startup
2026-05-22T17:57:14Z [4,018ms] [Warning] [omni.log] Source: omni.hydra was already registered.
[4.066s] [ext: omni.kit.window.file_importer-1.1.18] startup
[4.070s] [ext: omni.kit.menu.utils-2.0.5] startup
[4.082s] [ext: omni.graph.image.nodes-1.3.1] startup
[4.084s] [ext: omni.kit.widget.searchable_combobox-1.0.6] startup
[4.086s] [ext: omni.kit.hydra_texture-1.4.6] startup
[4.091s] [ext: omni.kit.material.library-2.0.7] startup
[4.099s] [ext: omni.hydra.engine.stats-1.0.3] startup
[4.103s] [ext: omni.kit.viewport.scene_camera_model-1.0.6] startup
[4.110s] [ext: omni.kit.widget.settings-1.2.6] startup
[4.113s] [ext: omni.kit.viewport.legacy_gizmos-1.0.19] startup
[4.117s] [ext: omni.kit.widget.viewport-107.1.3] startup
[4.122s] [ext: omni.kit.viewport.registry-104.0.6] startup
[4.123s] [ext: omni.kit.raycast.query-1.1.0] startup
[4.131s] [ext: omni.physx.tensors-107.3.26] startup
[4.137s] [ext: omni.kit.window.drop_support-1.0.5] startup
[4.138s] [ext: omni.kit.primitive.mesh-1.0.17] startup
[4.143s] [ext: omni.kit.viewport.window-107.2.0] startup
[4.174s] [ext: omni.kit.window.preferences-1.8.0] startup
[4.182s] [ext: isaacsim.core.simulation_manager-1.4.4] startup
[6.352s] [ext: omni.graph.action_core-1.1.7] startup
[6.354s] [ext: omni.graph-1.141.2] startup
[6.429s] [ext: omni.kit.viewport.utility-1.1.2] startup
[6.431s] [ext: omni.kit.viewport.menubar.core-107.2.1] startup
[6.456s] [ext: isaacsim.core.prims-0.6.1] startup
[6.508s] [ext: omni.graph.action_nodes-1.50.4] startup
[6.516s] [ext: omni.kit.stage_template.core-1.1.22] startup
[6.520s] [ext: omni.syntheticdata-0.6.13] startup
[6.572s] [ext: omni.graph.nodes-1.170.10] startup
[6.591s] [ext: omni.graph.action-1.130.0] startup
[6.592s] [ext: omni.kit.stage_templates-2.0.0] startup
[6.603s] [ext: omni.kit.widget.filter-1.1.4] startup
[6.606s] [ext: omni.kit.widget.graph-2.0.0] startup
[6.637s] [ext: omni.kit.property.adapter.core-1.0.2] startup
[6.646s] [ext: omni.kit.window.file_exporter-1.0.33] startup
[6.651s] [ext: omni.kit.widget.searchfield-1.1.8] startup
[6.658s] [ext: omni.kit.hotkeys.core-1.3.10] startup
[6.665s] [ext: omni.kit.graph.delegate.default-1.2.3] startup
[6.681s] [ext: omni.kit.property.adapter.fabric-1.0.3] startup
[6.699s] [ext: omni.kit.widget.stage-3.1.4] startup
[6.719s] [ext: omni.kit.property.adapter.usd-1.0.2] startup
[6.723s] [ext: omni.kit.graph.editor.core-1.5.3] startup
[6.728s] [ext: omni.kit.widget.material_preview-1.0.16] startup
[6.732s] [ext: omni.kit.widget.highlight_label-1.0.3] startup
[6.734s] [ext: omni.kit.window.file-2.0.5] startup
[6.741s] [ext: omni.kit.window.content_browser_registry-0.0.6] startup
[6.743s] [ext: omni.kit.window.property-1.12.1] startup
[6.750s] [ext: omni.kit.window.content_browser-3.1.3] startup
[6.769s] [ext: omni.kit.graph.usd.commands-1.3.1] startup
[6.773s] [ext: omni.kit.property.usd-4.5.12] startup
[6.792s] [ext: omni.graph.ui_nodes-1.50.5] startup
[6.798s] [ext: omni.videoencoding-0.1.2] startup
[6.803s] [ext: omni.kit.window.material_graph-1.9.1] startup
[6.826s] [ext: omni.warp-1.8.2] startup
[6.838s] [ext: isaacsim.core.api-4.8.0] startup
[6.875s] [ext: omni.graph.scriptnode-1.50.0] startup
[6.884s] [ext: isaacsim.test.docstring-1.1.0] startup
[6.919s] [ext: isaacsim.core.experimental.utils-0.3.0] startup
[6.969s] [ext: omni.replicator.core-1.12.27] startup
2026-05-22T17:57:17Z [7,013ms] [Warning] [pxr.Semantics] pxr.Semantics is deprecated - please use Semantics instead
Warp 1.8.2 initialized:
   CUDA Toolkit 12.8, Driver 12.8
   Devices:
     "cpu"      : "x86_64"
     "cuda:0"   : "NVIDIA RTX 5880 Ada Generation" (47 GiB, sm_89, mempool enabled)
   Kernel cache:
     /home/ubuntu/.cache/warp/1.8.2
2026-05-22T17:57:17Z [7,322ms] [Warning] [omni.graph.core.plugin] Found duplicate of category 'Replicator' - was 'Annotators', adding 'Fabric Reader'
2026-05-22T17:57:17Z [7,322ms] [Warning] [omni.graph.core.plugin] Category 'Replicator' not accepted on node type 'omni.replicator.core.FabricReader' in extension 'omni.replicator.core'
2026-05-22T17:57:17Z [7,323ms] [Warning] [omni.replicator.core.scripts.extension] No material configuration file, adding configuration to material settings directly.
[7.356s] [ext: isaacsim.core.experimental.prims-0.8.1] startup
[7.447s] [ext: omni.kit.window.extensions-1.4.27] startup
[7.468s] [ext: isaacsim.core.experimental.objects-0.4.0] startup
[7.480s] [ext: omni.ui_query-1.1.8] startup
[7.487s] [ext: omni.kit.manipulator.viewport-107.0.1] startup
[7.491s] [ext: isaacsim.robot.surface_gripper-3.3.1] startup
[7.498s] [ext: omni.kit.ui_test-1.3.7] startup
[7.513s] [ext: omni.graph.visualization.nodes-2.1.3] startup
[7.558s] [ext: isaacsim.robot_motion.lula-4.0.8] startup
[7.574s] [ext: isaacsim.core.nodes-3.4.3] startup
[7.607s] [ext: isaacsim.gui.components-1.2.1] startup
[7.633s] [ext: isaacsim.robot_motion.motion_generation-8.0.26] startup
[7.684s] [ext: isaacsim.robot.manipulators-3.3.6] startup
[7.717s] [ext: isaacsim.core.experimental.materials-0.4.0] startup
[7.741s] [ext: isaacsim.robot.manipulators.examples-1.1.2] startup
[7.749s] [ext: isaacsim.cortex.framework-1.0.12] startup
[7.760s] [ext: isaacsim.cortex.behaviors-2.0.14] startup
[7.769s] [ext: omni.isaac.cortex.sample_behaviors-2.0.5] startup
2026-05-22T17:57:18Z [7,747ms] [Warning] [omni.isaac.cortex] omni.isaac.cortex has been deprecated in favor of isaacsim.cortex.framework. Please update your code accordingly.
2026-05-22T17:57:18Z [7,749ms] [Warning] [omni.isaac.cortex.sample_behaviors] omni.isaac.cortex.sample_behaviors has been deprecated in favor of isaacsim.cortex.behaviors. Please update your code accordingly.
[7.776s] [ext: omni.kit.widget.zoombar-1.0.6] startup
[7.789s] [ext: isaacsim.gui.content_browser-0.1.11] startup
[7.812s] [ext: omni.kit.browser.core-2.3.13] startup
[7.836s] [ext: omni.kit.widget.stage_icons-1.0.8] startup
[7.840s] [ext: omni.kit.widget.prompt-1.0.7] startup
[7.844s] [ext: omni.kit.usd.collect-2.4.5] startup
[7.852s] [ext: omni.kit.browser.folder.core-1.10.9] startup
[7.877s] [ext: omni.kit.window.stage-2.6.1] startup
[7.922s] [ext: omni.kit.usdz_export-1.0.9] startup
[7.981s] [ext: omni.kit.tool.collect-2.2.18] startup
[8.009s] [ext: omni.kit.menu.stage-1.2.7] startup
[8.043s] [ext: omni.kit.tool.asset_importer-4.3.2] startup
[8.199s] [ext: isaacsim.robot.wheeled_robots-4.0.24] startup
[8.402s] [ext: isaacsim.examples.browser-0.2.1] startup
[8.501s] [ext: isaacsim.asset.importer.urdf-2.4.30] startup
Warp DeprecationWarning: The `warp.sim` module is deprecated and will be removed in v1.10. Please transition to using the forthcoming Newton library instead.
[9.026s] [ext: omni.isaac.wheeled_robots-3.0.7] startup
2026-05-22T17:57:19Z [9,003ms] [Warning] [omni.isaac.wheeled_robots] omni.isaac.wheeled_robots has been deprecated in favor of isaacsim.robot.wheeled_robots. Please update your code accordingly.
2026-05-22T17:57:19Z [9,003ms] [Warning] [omni.isaac.wheeled_robots.controllers] omni.isaac.wheeled_robots has been deprecated in favor of isaacsim.robot.wheeled_robots. Please update your code accordingly.
2026-05-22T17:57:19Z [9,004ms] [Warning] [omni.isaac.wheeled_robots.controllers.ackermann_controller] omni.isaac.wheeled_robots has been deprecated in favor of isaacsim.robot.wheeled_robots. Please update your code accordingly.
2026-05-22T17:57:19Z [9,004ms] [Warning] [omni.isaac.wheeled_robots.controllers.differential_controller] omni.isaac.wheeled_robots has been deprecated in favor of isaacsim.robot.wheeled_robots. Please update your code accordingly.
2026-05-22T17:57:19Z [9,004ms] [Warning] [omni.isaac.wheeled_robots.controllers.holonomic_controller] omni.isaac.wheeled_robots has been deprecated in favor of isaacsim.robot.wheeled_robots. Please update your code accordingly.
2026-05-22T17:57:19Z [9,005ms] [Warning] [omni.isaac.wheeled_robots.controllers.quintic_path_planner] omni.isaac.wheeled_robots has been deprecated in favor of isaacsim.robot.wheeled_robots. Please update your code accordingly.
2026-05-22T17:57:19Z [9,005ms] [Warning] [omni.isaac.wheeled_robots.controllers.stanley_control] omni.isaac.wheeled_robots has been deprecated in favor of isaacsim.robot.wheeled_robots. Please update your code accordingly.
2026-05-22T17:57:19Z [9,005ms] [Warning] [omni.isaac.wheeled_robots.controllers.wheel_base_pose_controller] omni.isaac.wheeled_robots has been deprecated in favor of isaacsim.robot.wheeled_robots. Please update your code accordingly.
2026-05-22T17:57:19Z [9,008ms] [Warning] [omni.isaac.wheeled_robots.impl] omni.isaac.wheeled_robots has been deprecated in favor of isaacsim.robot.wheeled_robots. Please update your code accordingly.
2026-05-22T17:57:19Z [9,010ms] [Warning] [omni.isaac.wheeled_robots.robots] omni.isaac.wheeled_robots has been deprecated in favor of isaacsim.robot.wheeled_robots. Please update your code accordingly.
2026-05-22T17:57:19Z [9,010ms] [Warning] [omni.isaac.wheeled_robots.robots.holonomic_robot_usd_setup] omni.isaac.wheeled_robots has been deprecated in favor of isaacsim.robot.wheeled_robots. Please update your code accordingly.
2026-05-22T17:57:19Z [9,017ms] [Warning] [omni.isaac.wheeled_robots.robots.wheeled_robot] omni.isaac.wheeled_robots has been deprecated in favor of isaacsim.robot.wheeled_robots. Please update your code accordingly.
[9.046s] [ext: isaacsim.simulation_app-2.12.2] startup
[9.050s] [ext: omni.isaac.franka-1.0.7] startup
2026-05-22T17:57:19Z [9,025ms] [Warning] [omni.isaac.franka] omni.isaac.franka has been deprecated in favor of isaacsim.robot.manipulators.examples.franka. Please update your code accordingly.
2026-05-22T17:57:19Z [9,025ms] [Warning] [omni.isaac.franka.franka] omni.isaac.franka has been deprecated in favor of isaacsim.robot.manipulators.examples.franka. Please update your code accordingly.
2026-05-22T17:57:19Z [9,072ms] [Warning] [omni.isaac.franka.kinematics_solver] omni.isaac.franka has been deprecated in favor of isaacsim.robot.manipulators.examples.franka. Please update your code accordingly.
[9.099s] [ext: omni.isaac.kit-2.0.6] startup
2026-05-22T17:57:19Z [9,078ms] [Warning] [omni.isaac.kit] omni.isaac.kit has been deprecated in favor of isaacsim.simulation_app. Please update your code accordingly.
[9.105s] [ext: omni.kit.selection-0.1.6] startup
[9.109s] [ext: omni.isaac.lula-4.0.6] startup
2026-05-22T17:57:19Z [9,084ms] [Warning] [omni.isaac.lula] omni.isaac.lula has been deprecated in favor of isaacsim.robot_motion.lula. Please update your code accordingly.
[9.111s] [ext: isaacsim.robot_motion.lula_test_widget-1.0.12] startup
[9.116s] [ext: isaacsim.asset.browser-1.3.23] startup
[9.209s] [ext: omni.kit.viewport.actions-107.0.2] startup
[9.220s] [ext: isaacsim.gui.menu-2.4.4] startup
[9.232s] [ext: omni.isaac.manipulators-3.0.7] startup
2026-05-22T17:57:19Z [9,209ms] [Warning] [omni.isaac.manipulators] omni.isaac.manipulators has been deprecated in favor of isaacsim.robot.manipulators. Please update your code accordingly.
2026-05-22T17:57:19Z [9,209ms] [Warning] [omni.isaac.manipulators.controllers] omni.isaac.manipulators has been deprecated in favor of isaacsim.robot.manipulators. Please update your code accordingly.
2026-05-22T17:57:19Z [9,210ms] [Warning] [omni.isaac.manipulators.controllers.pick_place_controller] omni.isaac.manipulators has been deprecated in favor of isaacsim.robot.manipulators. Please update your code accordingly.
2026-05-22T17:57:19Z [9,211ms] [Warning] [omni.isaac.manipulators.controllers.stacking_controller] omni.isaac.manipulators has been deprecated in favor of isaacsim.robot.manipulators. Please update your code accordingly.
2026-05-22T17:57:19Z [9,211ms] [Warning] [omni.isaac.manipulators.grippers] omni.isaac.manipulators has been deprecated in favor of isaacsim.robot.manipulators. Please update your code accordingly.
2026-05-22T17:57:19Z [9,211ms] [Warning] [omni.isaac.manipulators.grippers.gripper] omni.isaac.manipulators has been deprecated in favor of isaacsim.robot.manipulators. Please update your code accordingly.
2026-05-22T17:57:19Z [9,215ms] [Warning] [omni.isaac.manipulators.grippers.parallel_gripper] omni.isaac.manipulators has been deprecated in favor of isaacsim.robot.manipulators. Please update your code accordingly.
2026-05-22T17:57:19Z [9,215ms] [Warning] [omni.isaac.manipulators.grippers.surface_gripper] omni.isaac.manipulators has been deprecated in favor of isaacsim.robot.manipulators. Please update your code accordingly.
2026-05-22T17:57:19Z [9,215ms] [Warning] [omni.isaac.manipulators.manipulators] omni.isaac.manipulators has been deprecated in favor of isaacsim.robot.manipulators. Please update your code accordingly.
2026-05-22T17:57:19Z [9,215ms] [Warning] [omni.isaac.manipulators.manipulators.single_manipulator] omni.isaac.manipulators has been deprecated in favor of isaacsim.robot.manipulators. Please update your code accordingly.
[9.242s] [ext: omni.isaac.lula_test_widget-1.0.6] startup
2026-05-22T17:57:19Z [9,220ms] [Warning] [omni.isaac.lula_test_widget] omni.isaac.lula_test_widget has been deprecated in favor of isaacsim.robot_motion.lula_test_widget. Please update your code accordingly.
[9.247s] [ext: omni.isaac.asset_browser-1.0.6] startup
2026-05-22T17:57:19Z [9,224ms] [Warning] [omni.isaac.asset_browser] omni.isaac.asset_browser has been deprecated in favor of isaacsim.asset.browser. Please update your code accordingly.
[9.252s] [ext: omni.kit.viewport.menubar.display-107.0.3] startup
[9.263s] [ext: omni.isaac.menu-1.0.6] startup
2026-05-22T17:57:19Z [9,239ms] [Warning] [omni.isaac.menu] omni.isaac.menu has been deprecated in favor of isaacsim.gui.menu. Please update your code accordingly.
[9.266s] [ext: omni.isaac.motion_generation-8.0.7] startup
2026-05-22T17:57:19Z [9,242ms] [Warning] [omni.isaac.motion_generation] omni.isaac.motion_generation has been deprecated in favor of isaacsim.robot_motion.motion_generation. Please update your code accordingly.
2026-05-22T17:57:19Z [9,242ms] [Warning] [omni.isaac.motion_generation.articulation_kinematics_solver] omni.isaac.motion_generation has been deprecated in favor of isaacsim.robot_motion.motion_generation. Please update your code accordingly.
2026-05-22T17:57:19Z [9,243ms] [Warning] [omni.isaac.motion_generation.articulation_motion_policy] omni.isaac.motion_generation has been deprecated in favor of isaacsim.robot_motion.motion_generation. Please update your code accordingly.
2026-05-22T17:57:19Z [9,243ms] [Warning] [omni.isaac.motion_generation.articulation_trajectory] omni.isaac.motion_generation has been deprecated in favor of isaacsim.robot_motion.motion_generation. Please update your code accordingly.
2026-05-22T17:57:19Z [9,243ms] [Warning] [omni.isaac.motion_generation.kinematics_interface] omni.isaac.motion_generation has been deprecated in favor of isaacsim.robot_motion.motion_generation. Please update your code accordingly.
2026-05-22T17:57:19Z [9,246ms] [Warning] [omni.isaac.motion_generation.lula] omni.isaac.motion_generation has been deprecated in favor of isaacsim.robot_motion.motion_generation. Please update your code accordingly.
2026-05-22T17:57:19Z [9,246ms] [Warning] [omni.isaac.motion_generation.lula.kinematics] omni.isaac.motion_generation has been deprecated in favor of isaacsim.robot_motion.motion_generation. Please update your code accordingly.
2026-05-22T17:57:19Z [9,247ms] [Warning] [omni.isaac.motion_generation.lula.motion_policies] omni.isaac.motion_generation has been deprecated in favor of isaacsim.robot_motion.motion_generation. Please update your code accordingly.
2026-05-22T17:57:19Z [9,247ms] [Warning] [omni.isaac.motion_generation.lula.path_planners] omni.isaac.motion_generation has been deprecated in favor of isaacsim.robot_motion.motion_generation. Please update your code accordingly.
2026-05-22T17:57:19Z [9,247ms] [Warning] [omni.isaac.motion_generation.lula.trajectory_generator] omni.isaac.motion_generation has been deprecated in favor of isaacsim.robot_motion.motion_generation. Please update your code accordingly.
2026-05-22T17:57:19Z [9,247ms] [Warning] [omni.isaac.motion_generation.motion_policy_controller] omni.isaac.motion_generation has been deprecated in favor of isaacsim.robot_motion.motion_generation. Please update your code accordingly.
2026-05-22T17:57:19Z [9,247ms] [Warning] [omni.isaac.motion_generation.motion_policy_interface] omni.isaac.motion_generation has been deprecated in favor of isaacsim.robot_motion.motion_generation. Please update your code accordingly.
2026-05-22T17:57:19Z [9,247ms] [Warning] [omni.isaac.motion_generation.path_planner_visualizer] omni.isaac.motion_generation has been deprecated in favor of isaacsim.robot_motion.motion_generation. Please update your code accordingly.
2026-05-22T17:57:19Z [9,248ms] [Warning] [omni.isaac.motion_generation.path_planning_interface] omni.isaac.motion_generation has been deprecated in favor of isaacsim.robot_motion.motion_generation. Please update your code accordingly.
2026-05-22T17:57:19Z [9,248ms] [Warning] [omni.isaac.motion_generation.trajectory] omni.isaac.motion_generation has been deprecated in favor of isaacsim.robot_motion.motion_generation. Please update your code accordingly.
2026-05-22T17:57:19Z [9,248ms] [Warning] [omni.isaac.motion_generation.world_interface] omni.isaac.motion_generation has been deprecated in favor of isaacsim.robot_motion.motion_generation. Please update your code accordingly.
[9.275s] [ext: omni.isaac.assets_check-0.3.13] startup
2026-05-22T17:57:19Z [9,252ms] [Warning] [omni.isaac.assets_check] omni.isaac.assets_check has been deprecated in favor of isaacsim.asset.browser. Please update your code accordingly.
[9.279s] [ext: isaacsim.gui.sensors.icon-2.0.3] startup
[9.303s] [ext: isaacsim.asset.importer.mjcf-2.5.13] startup
[9.315s] [ext: omni.sensors.nv.common-3.0.0] startup
[9.329s] [ext: isaacsim.sensors.physics-0.4.3] startup
[9.340s] [ext: omni.sensors.net-1.0.0] startup
[9.349s] [ext: omni.isaac.nucleus-1.0.6] startup
2026-05-22T17:57:19Z [9,323ms] [Warning] [omni.isaac.nucleus] omni.isaac.nucleus has been deprecated in favor of isaacsim.storage.native. Please update your code accordingly.
2026-05-22T17:57:19Z [9,323ms] [Warning] [omni.isaac.nucleus.nucleus] omni.isaac.nucleus.nucleus has been deprecated in favor of isaacsim.storage.native. Please update your code accordingly.
[9.350s] [ext: omni.sensors.nv.materials-2.0.0] startup
[9.358s] [ext: isaacsim.robot.policy.examples-4.1.11] startup
[9.364s] [ext: omni.sensors.nv.wpm-3.0.0] startup
[9.370s] [ext: omni.sensors.nv.lidar-3.0.0] startup
[9.381s] [ext: isaacsim.util.debug_draw-3.1.0] startup
[9.391s] [ext: omni.sensors.nv.radar-3.0.0] startup
[9.396s] [ext: omni.sensors.nv.ids-2.0.0] startup
[9.401s] [ext: isaacsim.core.cloner-1.4.10] startup
[9.404s] [ext: isaacsim.sensors.physx-2.3.2] startup
[9.412s] [ext: isaacsim.sensors.rtx-15.8.4] startup
[9.429s] [ext: isaacsim.sensors.camera-1.3.6] startup
[9.443s] [ext: omni.isaac.quadruped-3.0.7] startup
2026-05-22T17:57:20Z [9,421ms] [Warning] [omni.isaac.quadruped] omni.isaac.quadruped has been deprecated in favor of isaacsim.robot.policy.examples. Please update your code accordingly.
[9.452s] [ext: omni.isaac.cloner-1.0.7] startup
2026-05-22T17:57:20Z [9,434ms] [Warning] [omni.isaac.cloner] omni.isaac.cloner has been deprecated in favor of isaacsim.core.cloner. Please update your code accordingly.
[9.462s] [ext: omni.isaac.range_sensor-4.0.6] startup
2026-05-22T17:57:20Z [9,440ms] [Warning] [omni.isaac.range_sensor] omni.isaac.range_sensor has been deprecated in favor of isaacsim.sensors.physx. Please update your code accordingly.
2026-05-22T17:57:20Z [9,440ms] [Warning] [omni.isaac.range_sensor.commands] omni.isaac.range_sensor.commands has been deprecated in favor of isaacsim.sensors.physx.commands. Please update your code accordingly.
[9.472s] [ext: omni.isaac.sensor-13.0.7] startup
2026-05-22T17:57:20Z [9,452ms] [Warning] [omni.isaac.sensor] omni.isaac.sensor has been deprecated in favor of isaacsim.sensors.camera, isaacsim.sensors.physics, isaacsim.sensors.physx, and isaacsim.sensors.rtx. Please update your code accordingly.
2026-05-22T17:57:20Z [9,453ms] [Warning] [omni.isaac.sensor.camera] omni.isaac.sensor.camera has been deprecated in favor of isaacsim.sensors.camera.camera. Please update your code accordingly.
2026-05-22T17:57:20Z [9,454ms] [Warning] [omni.isaac.sensor.camera_view] omni.isaac.sensor.camera_view has been deprecated in favor of isaacsim.sensors.camera.camera_view. Please update your code accordingly.
2026-05-22T17:57:20Z [9,454ms] [Warning] [omni.isaac.sensor.commands] omni.isaac.sensor.commands has been deprecated in favor of isaacsim.sensors.physics.commands, isaacsim.sensors.physx.commands, and isaacsim.sensors.rtx.commands. Please update your code accordingly.
2026-05-22T17:57:20Z [9,458ms] [Warning] [omni.isaac.sensor.contact_sensor] omni.isaac.sensor.contact_sensor has been deprecated in favor of isaacsim.sensors.physics.contact_sensor. Please update your code accordingly.
2026-05-22T17:57:20Z [9,458ms] [Warning] [omni.isaac.sensor.imu_sensor] omni.isaac.sensor.imu_sensor has been deprecated in favor of isaacsim.sensors.physics.imu_sensor. Please update your code accordingly.
2026-05-22T17:57:20Z [9,458ms] [Warning] [omni.isaac.sensor.lidar_rtx] omni.isaac.sensor.lidar_rtx has been deprecated in favor of isaacsim.sensors.rtx.lidar_rtx. Please update your code accordingly.
2026-05-22T17:57:20Z [9,459ms] [Warning] [omni.isaac.sensor.rotating_lidar_physX] omni.isaac.sensor.imu_sensor has been deprecated in favor of isaacsim.sensors.physix.rotating_lidar_physX. Please update your code accordingly.
2026-05-22T17:57:20Z [9,460ms] [Warning] [omni.isaac.sensor.scripts.samples.contact_sensor] omni.isaac.sensor.scripts.samples.contact_sensor has been deprecated in favor of isaacsim.sensors.physics.scripts.samples.contact_sensor. Please update your code accordingly.
2026-05-22T17:57:20Z [9,460ms] [Warning] [omni.isaac.sensor.scripts.samples.imu_sensor] omni.isaac.sensor.scripts.samples.imu_sensor has been deprecated in favor of isaacsim.sensors.physics.scripts.samples.imu_sensor. Please update your code accordingly.
2026-05-22T17:57:20Z [9,460ms] [Warning] [omni.isaac.sensor.scripts.samples.lightbeam_sensor] omni.isaac.sensor.scripts.samples.lightbeam_sensor has been deprecated in favor of isaacsim.sensors.physx.scripts.samples.lightbeam_sensor. Please update your code accordingly.
[9.487s] [ext: omni.kit.menu.create-2.0.1] startup
[9.495s] [ext: omni.kit.widget.toolbar-2.0.1] startup
[9.524s] [ext: omni.kit.manipulator.transform-107.0.0] startup
[9.532s] [ext: omni.isaac.core-4.0.7] startup
2026-05-22T17:57:20Z [9,508ms] [Warning] [omni.isaac.core.physics_context.physics_context] omni.isaac.core.physics_context.physics_context has been deprecated in favor of isaacsim.core.api.physics_context.physics_context. Please update your code accordingly.
2026-05-22T17:57:20Z [9,509ms] [Warning] [omni.isaac.core.simulation_context.simulation_context] omni.isaac.core.simulation_context.simulation_context has been deprecated in favor of isaacsim.core.api.simulation_context.simulation_context. Please update your code accordingly.
2026-05-22T17:57:20Z [9,509ms] [Warning] [omni.isaac.core.world.world] omni.isaac.core.world.world has been deprecated in favor of isaacsim.core.api.world.world. Please update your code accordingly.
2026-05-22T17:57:20Z [9,509ms] [Warning] [omni.isaac.core] omni.isaac.core has been deprecated in favor of isaacsim.core.api. Please update your code accordingly.
[9.536s] [ext: omni.kit.scripting-107.3.2] startup
[9.552s] [ext: omni.kit.manipulator.tool.snap-1.5.13] startup
[9.561s] [ext: omni.kit.manipulator.selector-1.1.3] startup
[9.566s] [ext: isaacsim.app.about-2.0.11] startup
[9.577s] [ext: isaacsim.replicator.behavior-1.1.16] startup
[9.581s] [ext: omni.kit.viewport.manipulator.transform-107.0.4] startup
[9.586s] [ext: omni.isaac.window.about-2.0.7] startup
2026-05-22T17:57:20Z [9,564ms] [Warning] [omni.isaac.window.about] omni.isaac.window.about has been deprecated in favor of isaacsim.app.about. Please update your code accordingly.
2026-05-22T17:57:20Z [9,564ms] [Warning] [omni.isaac.window.about.about] omni.isaac.window.about.about has been deprecated in favor of isaacsim.app.about.about. Please update your code accordingly.
[9.591s] [ext: omni.fabric.commands-1.1.6] startup
[9.598s] [ext: omni.kit.manipulator.prim.core-107.0.8] startup
[9.611s] [ext: omni.kit.property.audio-1.0.16] startup
[9.617s] [ext: omni.kit.property.camera-1.0.10] startup
[9.621s] [ext: omni.kit.property.geometry-2.0.4] startup
[9.627s] [ext: omni.hydra.scene_api-0.1.2] startup
[9.636s] [ext: omni.kit.property.light-1.0.12] startup
[9.845s] [ext: omni.kit.manipulator.prim.fabric-107.0.4] startup
[9.849s] [ext: omni.kit.manipulator.prim.usd-107.0.3] startup
[9.854s] [ext: omni.kit.property.material-1.11.9] startup
[9.864s] [ext: omni.kit.property.render-1.2.1] startup
[9.869s] [ext: omni.kit.property.transform-1.5.13] startup
[9.878s] [ext: isaacsim.gui.property-1.1.3] startup
[9.883s] [ext: omni.kit.manipulator.camera-106.0.4] startup
[9.890s] [ext: omni.kit.manipulator.prim-107.0.0] startup
[9.891s] [ext: omni.isaac.surface_gripper-2.0.6] startup
2026-05-22T17:57:20Z [9,865ms] [Warning] [omni.isaac.surface_gripper] omni.isaac.surface_gripper has been deprecated in favor of isaacsim.robot.surface_gripper. Please update your code accordingly.
[9.893s] [ext: omni.kit.manipulator.selection-106.0.1] startup
[9.899s] [ext: omni.kit.property.bundle-1.4.1] startup
[9.904s] [ext: omni.kit.property.isaac-1.0.6] startup
2026-05-22T17:57:20Z [9,880ms] [Warning] [omni.kit.property.isaac] omni.kit.property.isaac has been deprecated in favor of isaacsim.gui.property. Please update your code accordingly.
2026-05-22T17:57:20Z [9,880ms] [Warning] [omni.kit.property.isaac.widgets] omni.kit.property.isaac.widgets has been deprecated in favor of isaacsim.gui.property.widgets. Please update your code accordingly.
[9.907s] [ext: omni.isaac.universal_robots-1.0.6] startup
2026-05-22T17:57:20Z [9,882ms] [Warning] [omni.isaac.universal_robots] omni.isaac.universal_robots has been deprecated in favor of isaacsim.robot.manipulators.examples.universal_robots. Please update your code accordingly.
2026-05-22T17:57:20Z [9,882ms] [Warning] [omni.isaac.universal_robots.kinematics_solver] omni.isaac.franka has been deprecated in favor of isaacsim.robot.manipulators.examples.universal_robots. Please update your code accordingly.
2026-05-22T17:57:20Z [9,883ms] [Warning] [omni.isaac.universal_robots.ur10] omni.isaac.franka has been deprecated in favor of isaacsim.robot.manipulators.examples.universal_robots. Please update your code accordingly.
[9.910s] [ext: omni.isaac.core_nodes-2.0.6] startup
2026-05-22T17:57:20Z [9,889ms] [Warning] [omni.isaac.core_nodes] omni.isaac.core_nodes has been deprecated in favor of isaacsim.core.nodes. Please update your code accordingly.
[9.916s] [ext: omni.kit.viewport.menubar.camera-107.0.6] startup
[9.934s] [ext: omni.kit.viewport.menubar.lighting-107.3.1] startup
[9.939s] [ext: isaacsim.replicator.writers-1.0.17] startup
[9.965s] [ext: omni.kit.viewport.menubar.render-107.0.10] startup
[9.977s] [ext: omni.kit.viewport.menubar.settings-107.0.3] startup
[9.994s] [ext: omni.kit.window.console-1.1.4] startup
[10.004s] [ext: isaacsim.replicator.domain_randomization-1.0.16] startup
[10.008s] [ext: isaacsim.replicator.examples-1.3.6] startup
[10.013s] [ext: omni.ocio-0.1.1] startup
[10.020s] [ext: omni.rtx.window.settings-0.6.19] startup
[10.037s] [ext: omni.kit.window.status_bar-0.1.9] startup
[10.047s] [ext: omni.kit.window.toolbar-2.0.0] startup
[10.072s] [ext: omni.replicator.isaac-2.0.8] startup
2026-05-22T17:57:20Z [10,048ms] [Warning] [omni.replicator.isaac] omni.replicator.isaac has been deprecated in favor of isaacsim.replicator.domain_randomization, isaacsim.replicator.examples, isaacsim.replicator.writers. Please update your code accordingly.
[10.076s] [ext: omni.replicator.replicator_yaml-2.0.11] startup
[10.120s] [ext: omni.rtx.settings.core-0.6.5] startup
[10.130s] [ext: omni.usd.metrics.assembler.ui-107.3.1] startup
[10.156s] [ext: omni.isaac.utils-2.0.6] startup
[10.160s] [ext: semantics.schema.editor-2.0.2] startup
[10.169s] [ext: omni.kit.ui.actions-1.0.5] startup
[10.173s] [ext: semantics.schema.property-2.0.1] startup
[10.178s] [ext: omni.isaac.version-2.0.7] startup
2026-05-22T17:57:20Z [10,154ms] [Warning] [omni.isaac.version] omni.isaac.version has been deprecated in favor of isaacsim.core.version. Please update your code accordingly.
[10.181s] [ext: omni.isaac.cortex-1.0.5] startup
[10.183s] [ext: omni.anim.curve.core-1.3.1] startup
[10.201s] [ext: isaacsim.core.throttling-2.2.2] startup
[10.208s] [ext: omni.kit.menu.common-2.0.1] startup
[10.213s] [ext: isaacsim.exp.base-5.1.0] startup
[10.214s] [ext: isaacsim.exp.base.python-5.1.0] startup
[10.216s] Simulation App Starting
2026-05-22T17:57:21Z [10,681ms] [Warning] [omni.fabric.plugin] Warning: attribute viewportHandle not found for bucket id 9

[11.006s] app ready
[15.687s] Simulation App Startup Complete
2026-05-22T17:57:29Z [18,805ms] [Warning] [carb.scenerenderer-rtx.plugin] Uninitialized or unknown render mode "RealTimePathTracing" is specified.
2026-05-22T17:57:29Z [18,805ms] [Warning] [carb.scenerenderer-rtx.plugin] Uninitialized or unknown render mode is specified. Switching to RaytracedLighting instead.
[Scatter] Scatter area: center=[0.75, 0.28, 1.04], size=[0.3, 0.23]
[Scatter] x=[0.60, 0.90], y=[0.17, 0.40], z=1.04
[SceneBuilder] 箱子锁定完成: 19 个 RigidBody 已设为 kinematic
[SceneBuilder] 提取到 4 个零件路径: ['/Replicator/Ref_Xform_01', '/Replicator/Ref_Xform_02', '/Replicator/Ref_Xform_03', '/Replicator/Ref_Xform_04']
2026-05-22T17:57:30Z [19,813ms] [Warning] [omni.fabric.plugin] Warning: attribute physics:simulationOwner not found for path /Replicator/Ref_Xform_03

[1/5] Physics settling...
2026-05-22T17:57:36Z [25,606ms] [Error] [omni.physicsschema.plugin] RigidBodyAPI applied to a non-xformable primitive. (/Root/Box/Group/Mesh/OmniPBR)
2026-05-22T17:57:36Z [25,607ms] [Error] [omni.physicsschema.plugin] RigidBodyAPI applied to a non-xformable primitive. (/Root/Box/Group/Mesh/OmniPBR_01)
2026-05-22T17:57:36Z [25,607ms] [Error] [omni.physicsschema.plugin] RigidBodyAPI applied to a non-xformable primitive. (/Root/Box/Group/Mesh/OmniPBR_02)
2026-05-22T17:57:36Z [25,607ms] [Error] [omni.physicsschema.plugin] RigidBodyAPI applied to a non-xformable primitive. (/Root/Box/Group/Mesh/OmniPBR_03)
2026-05-22T17:57:36Z [25,607ms] [Error] [omni.physicsschema.plugin] RigidBodyAPI applied to a non-xformable primitive. (/Root/Box/Group/Mesh/OmniPBR_04)
2026-05-22T17:57:36Z [25,715ms] [Error] [omni.physicsschema.plugin] RigidBodyAPI applied to a non-xformable primitive. (/Root/Box/Looks)
2026-05-22T17:57:36Z [25,715ms] [Error] [omni.physicsschema.plugin] RigidBodyAPI applied to a non-xformable primitive. (/Root/Box/Looks/OmniPBR_01)
2026-05-22T17:57:36Z [25,715ms] [Error] [omni.physicsschema.plugin] RigidBodyAPI applied to a non-xformable primitive. (/Root/Box/Looks/OmniPBR_01/Shader)
2026-05-22T17:57:36Z [25,715ms] [Error] [omni.physicsschema.plugin] RigidBodyAPI applied to a non-xformable primitive. (/Root/Box/Looks/OmniPBR_02)
2026-05-22T17:57:36Z [25,715ms] [Error] [omni.physicsschema.plugin] RigidBodyAPI applied to a non-xformable primitive. (/Root/Box/Looks/OmniPBR_02/Shader)
2026-05-22T17:57:36Z [25,715ms] [Error] [omni.physicsschema.plugin] RigidBodyAPI applied to a non-xformable primitive. (/Root/Box/Looks/OmniPBR_03)
2026-05-22T17:57:36Z [25,715ms] [Error] [omni.physicsschema.plugin] RigidBodyAPI applied to a non-xformable primitive. (/Root/Box/Looks/OmniPBR_03/Shader)
2026-05-22T17:57:36Z [25,715ms] [Error] [omni.physicsschema.plugin] RigidBodyAPI applied to a non-xformable primitive. (/Root/Box/Looks/OmniPBR_04)
2026-05-22T17:57:36Z [25,715ms] [Error] [omni.physicsschema.plugin] RigidBodyAPI applied to a non-xformable primitive. (/Root/Box/Looks/OmniPBR_04/Shader)
2026-05-22T17:57:36Z [25,715ms] [Error] [omni.physicsschema.plugin] Rigid Body of (/Root/Box/Group) missing xformstack reset when child of another enabled rigid body (/Root/Box) in hierarchy. Simulation of multiple RigidBodyAPI's in a hierarchy will cause unpredicted results. Please fix the hierarchy or use XformStack reset.
2026-05-22T17:57:36Z [25,716ms] [Error] [omni.physicsschema.plugin] Rigid Body of (/Root/Box/Group/Mesh) missing xformstack reset when child of another enabled rigid body (/Root/Box) in hierarchy. Simulation of multiple RigidBodyAPI's in a hierarchy will cause unpredicted results. Please fix the hierarchy or use XformStack reset.
2026-05-22T17:57:36Z [25,716ms] [Error] [omni.physicsschema.plugin] RigidBodyAPI applied to a non-xformable primitive. (/Root/Box/Group/Mesh/OmniPBR)
2026-05-22T17:57:36Z [25,716ms] [Error] [omni.physicsschema.plugin] RigidBodyAPI applied to a non-xformable primitive. (/Root/Box/Group/Mesh/OmniPBR_01)
2026-05-22T17:57:36Z [25,716ms] [Error] [omni.physicsschema.plugin] RigidBodyAPI applied to a non-xformable primitive. (/Root/Box/Group/Mesh/OmniPBR_02)
2026-05-22T17:57:36Z [25,716ms] [Error] [omni.physicsschema.plugin] RigidBodyAPI applied to a non-xformable primitive. (/Root/Box/Group/Mesh/OmniPBR_03)
2026-05-22T17:57:36Z [25,716ms] [Error] [omni.physicsschema.plugin] RigidBodyAPI applied to a non-xformable primitive. (/Root/Box/Group/Mesh/OmniPBR_04)
2026-05-22T17:57:36Z [25,716ms] [Error] [omni.physicsschema.plugin] Rigid Body of (/Root/Box/Group/Cube) missing xformstack reset when child of another enabled rigid body (/Root/Box) in hierarchy. Simulation of multiple RigidBodyAPI's in a hierarchy will cause unpredicted results. Please fix the hierarchy or use XformStack reset.
2026-05-22T17:57:36Z [25,716ms] [Error] [omni.physicsschema.plugin] RigidBodyAPI applied to a non-xformable primitive. (/Root/Box/PhysicsMaterial)
      Done (120 steps)
[SceneBuilder] FixedJoint 位姿已更新: /Root/Ref_Xform/Ref/joints/FixedJoint  pos=[0.7, -0.2, 0.9]  rot_deg=[0, 0, 90]
[SceneBuilder] 已覆盖 1 个 FixedJoint — robot 将在 YAML 指定位置 [0.7, -0.2, 0.9] 生成
2026-05-22T17:57:37Z [26,520ms] [Warning] [omni.usd] Warning (secondary thread): in _ReportErrors at line 3172 of /builds/omniverse/usd-ci/USD/pxr/usd/usd/stage.cpp -- In </__Prototype_2/camera_link.material:binding>: The relationship target </s2_v1/Looks/material_CAD1EE> from </Flattened_Prototype_2/camera_link.material:binding> in layer @/home/ubuntu/tai/assets/resources/Collected_s2_v1_ecbg/SubUSDs/R_camera_link.usd@ refers to a path outside the scope of the reference from </Root/R_camera_link/visuals>.  Ignoring. (getting targets for relationship </__Prototype_2/camera_link.material:binding> on stage @/home/ubuntu/tai/assets/resources/Collected_Task4/SubUSDs/2_small_warehouse2.usd@ <0x56078ec0>)

2026-05-22T17:57:37Z [26,520ms] [Warning] [omni.usd] Warning (secondary thread): in _ReportErrors at line 3172 of /builds/omniverse/usd-ci/USD/pxr/usd/usd/stage.cpp -- In </__Prototype_8/camera_link.material:binding>: The relationship target </s2_v1/Looks/material_CAD1EE> from </Flattened_Prototype_2/camera_link.material:binding> in layer @/home/ubuntu/tai/assets/resources/Collected_s2_v1_ecbg/SubUSDs/L_camera_link.usd@ refers to a path outside the scope of the reference from </Root/L_camera_link/visuals>.  Ignoring. (getting targets for relationship </__Prototype_8/camera_link.material:binding> on stage @/home/ubuntu/tai/assets/resources/Collected_Task4/SubUSDs/2_small_warehouse2.usd@ <0x56078ec0>)

2026-05-22T17:57:37Z [26,520ms] [Warning] [omni.usd] Warning: in _ReportErrors at line 3172 of /builds/omniverse/usd-ci/USD/pxr/usd/usd/stage.cpp -- In </__Prototype_4/finger1_link.material:binding>: The relationship target </World/s2_v1/Looks/material_CAD1EE> from </Flattened_Prototype_1/finger1_link.material:binding> in layer @/home/ubuntu/tai/assets/resources/Collected_s2_v1_ecbg/SubUSDs/L_finger1_link.usd@ refers to a path outside the scope of the reference from </Root/L_finger1_link/visuals>.  Ignoring. (getting targets for relationship </__Prototype_4/finger1_link.material:binding> on stage @/home/ubuntu/tai/assets/resources/Collected_Task4/SubUSDs/2_small_warehouse2.usd@ <0x56078ec0>)

2026-05-22T17:57:37Z [26,520ms] [Warning] [omni.usd] Warning (secondary thread): in _ReportErrors at line 3172 of /builds/omniverse/usd-ci/USD/pxr/usd/usd/stage.cpp -- In </__Prototype_5/finger1_link.material:binding>: The relationship target </World/s2_v1/Looks/material_CAD1EE> from </Flattened_Prototype_1/finger1_link.material:binding> in layer @/home/ubuntu/tai/assets/resources/Collected_s2_v1_ecbg/SubUSDs/R_finger1_link.usd@ refers to a path outside the scope of the reference from </Root/R_finger1_link/visuals>.  Ignoring. (getting targets for relationship </__Prototype_5/finger1_link.material:binding> on stage @/home/ubuntu/tai/assets/resources/Collected_Task4/SubUSDs/2_small_warehouse2.usd@ <0x56078ec0>)

2026-05-22T17:57:37Z [26,520ms] [Warning] [omni.usd] Warning (secondary thread): in _ReportErrors at line 3172 of /builds/omniverse/usd-ci/USD/pxr/usd/usd/stage.cpp -- In </__Prototype_10/finger2_link.material:binding>: The relationship target </World/s2_v1/Looks/material_CAD1EE> from </Flattened_Prototype_1/finger2_link.material:binding> in layer @/home/ubuntu/tai/assets/resources/Collected_s2_v1_ecbg/SubUSDs/R_finger2_link.usd@ refers to a path outside the scope of the reference from </Root/R_finger2_link/visuals>.  Ignoring. (getting targets for relationship </__Prototype_10/finger2_link.material:binding> on stage @/home/ubuntu/tai/assets/resources/Collected_Task4/SubUSDs/2_small_warehouse2.usd@ <0x56078ec0>)

2026-05-22T17:57:37Z [26,521ms] [Warning] [omni.usd] Warning (secondary thread): in _ReportErrors at line 3172 of /builds/omniverse/usd-ci/USD/pxr/usd/usd/stage.cpp -- In </__Prototype_6/pgc_base_link.material:binding>: The relationship target </s2_v1/Looks/material_CAD1EE> from </Flattened_Prototype_2/pgc_base_link.material:binding> in layer @/home/ubuntu/tai/assets/resources/Collected_s2_v1_ecbg/SubUSDs/L_pgc_base_link.usd@ refers to a path outside the scope of the reference from </Root/L_pgc_base_link/visuals>.  Ignoring. (getting targets for relationship </__Prototype_6/pgc_base_link.material:binding> on stage @/home/ubuntu/tai/assets/resources/Collected_Task4/SubUSDs/2_small_warehouse2.usd@ <0x56078ec0>)

2026-05-22T17:57:37Z [26,521ms] [Warning] [omni.usd] Warning (secondary thread): in _ReportErrors at line 3172 of /builds/omniverse/usd-ci/USD/pxr/usd/usd/stage.cpp -- In </__Prototype_9/finger2_link.material:binding>: The relationship target </World/s2_v1/Looks/material_CAD1EE> from </Flattened_Prototype_1/finger2_link.material:binding> in layer @/home/ubuntu/tai/assets/resources/Collected_s2_v1_ecbg/SubUSDs/L_finger2_link.usd@ refers to a path outside the scope of the reference from </Root/L_finger2_link/visuals>.  Ignoring. (getting targets for relationship </__Prototype_9/finger2_link.material:binding> on stage @/home/ubuntu/tai/assets/resources/Collected_Task4/SubUSDs/2_small_warehouse2.usd@ <0x56078ec0>)

2026-05-22T17:57:37Z [26,521ms] [Warning] [omni.usd] Warning (secondary thread): in _ReportErrors at line 3172 of /builds/omniverse/usd-ci/USD/pxr/usd/usd/stage.cpp -- In </__Prototype_7/pgc_base_link.material:binding>: The relationship target </s2_v1/Looks/material_CAD1EE> from </Flattened_Prototype_2/pgc_base_link.material:binding> in layer @/home/ubuntu/tai/assets/resources/Collected_s2_v1_ecbg/SubUSDs/R_pgc_base_link.usd@ refers to a path outside the scope of the reference from </Root/R_pgc_base_link/visuals>.  Ignoring. (getting targets for relationship </__Prototype_7/pgc_base_link.material:binding> on stage @/home/ubuntu/tai/assets/resources/Collected_Task4/SubUSDs/2_small_warehouse2.usd@ <0x56078ec0>)

2026-05-22T17:57:37Z [26,650ms] [Warning] [omni.usd] Warning: in _ReportErrors at line 3172 of /builds/omniverse/usd-ci/USD/pxr/usd/usd/stage.cpp -- In </Root/Ref_Xform/Ref/L_pgc_base_link/L_pgc_base_link/visuals/pgc_base_link.material:binding>: The relationship target </s2_v1/Looks/material_CAD1EE> from </Flattened_Prototype_2/pgc_base_link.material:binding> in layer @/home/ubuntu/tai/assets/resources/Collected_s2_v1_ecbg/SubUSDs/L_pgc_base_link.usd@ refers to a path outside the scope of the reference from </Root/L_pgc_base_link/visuals>.  Ignoring. (getting targets for relationship </Root/Ref_Xform/Ref/L_pgc_base_link/L_pgc_base_link/visuals/pgc_base_link.material:binding> on stage @/home/ubuntu/tai/assets/resources/Collected_Task4/SubUSDs/2_small_warehouse2.usd@ <0x56078ec0>)

2026-05-22T17:57:37Z [26,650ms] [Warning] [omni.usd] Warning: in _ReportErrors at line 3172 of /builds/omniverse/usd-ci/USD/pxr/usd/usd/stage.cpp -- In </Root/Ref_Xform/Ref/R_pgc_base_link/R_pgc_base_link/visuals/pgc_base_link.material:binding>: The relationship target </s2_v1/Looks/material_CAD1EE> from </Flattened_Prototype_2/pgc_base_link.material:binding> in layer @/home/ubuntu/tai/assets/resources/Collected_s2_v1_ecbg/SubUSDs/R_pgc_base_link.usd@ refers to a path outside the scope of the reference from </Root/R_pgc_base_link/visuals>.  Ignoring. (getting targets for relationship </Root/Ref_Xform/Ref/R_pgc_base_link/R_pgc_base_link/visuals/pgc_base_link.material:binding> on stage @/home/ubuntu/tai/assets/resources/Collected_Task4/SubUSDs/2_small_warehouse2.usd@ <0x56078ec0>)

2026-05-22T17:57:37Z [26,650ms] [Warning] [omni.usd] Warning: in _ReportErrors at line 3172 of /builds/omniverse/usd-ci/USD/pxr/usd/usd/stage.cpp -- In </Root/Ref_Xform/Ref/L_camera_link/L_camera_link/visuals/camera_link.material:binding>: The relationship target </s2_v1/Looks/material_CAD1EE> from </Flattened_Prototype_2/camera_link.material:binding> in layer @/home/ubuntu/tai/assets/resources/Collected_s2_v1_ecbg/SubUSDs/L_camera_link.usd@ refers to a path outside the scope of the reference from </Root/L_camera_link/visuals>.  Ignoring. (getting targets for relationship </Root/Ref_Xform/Ref/L_camera_link/L_camera_link/visuals/camera_link.material:binding> on stage @/home/ubuntu/tai/assets/resources/Collected_Task4/SubUSDs/2_small_warehouse2.usd@ <0x56078ec0>)

2026-05-22T17:57:37Z [26,651ms] [Warning] [omni.usd] Warning: in _ReportErrors at line 3172 of /builds/omniverse/usd-ci/USD/pxr/usd/usd/stage.cpp -- In </Root/Ref_Xform/Ref/R_camera_link/R_camera_link/visuals/camera_link.material:binding>: The relationship target </s2_v1/Looks/material_CAD1EE> from </Flattened_Prototype_2/camera_link.material:binding> in layer @/home/ubuntu/tai/assets/resources/Collected_s2_v1_ecbg/SubUSDs/R_camera_link.usd@ refers to a path outside the scope of the reference from </Root/R_camera_link/visuals>.  Ignoring. (getting targets for relationship </Root/Ref_Xform/Ref/R_camera_link/R_camera_link/visuals/camera_link.material:binding> on stage @/home/ubuntu/tai/assets/resources/Collected_Task4/SubUSDs/2_small_warehouse2.usd@ <0x56078ec0>)

2026-05-22T17:57:37Z [26,651ms] [Warning] [omni.usd] Warning: in _ReportErrors at line 3172 of /builds/omniverse/usd-ci/USD/pxr/usd/usd/stage.cpp -- In </Root/Ref_Xform/Ref/L_finger1_link/L_finger1_link/visuals/finger1_link.material:binding>: The relationship target </World/s2_v1/Looks/material_CAD1EE> from </Flattened_Prototype_1/finger1_link.material:binding> in layer @/home/ubuntu/tai/assets/resources/Collected_s2_v1_ecbg/SubUSDs/L_finger1_link.usd@ refers to a path outside the scope of the reference from </Root/L_finger1_link/visuals>.  Ignoring. (getting targets for relationship </Root/Ref_Xform/Ref/L_finger1_link/L_finger1_link/visuals/finger1_link.material:binding> on stage @/home/ubuntu/tai/assets/resources/Collected_Task4/SubUSDs/2_small_warehouse2.usd@ <0x56078ec0>)

2026-05-22T17:57:37Z [26,651ms] [Warning] [omni.usd] Warning: in _ReportErrors at line 3172 of /builds/omniverse/usd-ci/USD/pxr/usd/usd/stage.cpp -- In </Root/Ref_Xform/Ref/L_finger2_link/L_finger2_link/visuals/finger2_link.material:binding>: The relationship target </World/s2_v1/Looks/material_CAD1EE> from </Flattened_Prototype_1/finger2_link.material:binding> in layer @/home/ubuntu/tai/assets/resources/Collected_s2_v1_ecbg/SubUSDs/L_finger2_link.usd@ refers to a path outside the scope of the reference from </Root/L_finger2_link/visuals>.  Ignoring. (getting targets for relationship </Root/Ref_Xform/Ref/L_finger2_link/L_finger2_link/visuals/finger2_link.material:binding> on stage @/home/ubuntu/tai/assets/resources/Collected_Task4/SubUSDs/2_small_warehouse2.usd@ <0x56078ec0>)

2026-05-22T17:57:37Z [26,651ms] [Warning] [omni.usd] Warning: in _ReportErrors at line 3172 of /builds/omniverse/usd-ci/USD/pxr/usd/usd/stage.cpp -- In </Root/Ref_Xform/Ref/R_finger1_link/R_finger1_link/visuals/finger1_link.material:binding>: The relationship target </World/s2_v1/Looks/material_CAD1EE> from </Flattened_Prototype_1/finger1_link.material:binding> in layer @/home/ubuntu/tai/assets/resources/Collected_s2_v1_ecbg/SubUSDs/R_finger1_link.usd@ refers to a path outside the scope of the reference from </Root/R_finger1_link/visuals>.  Ignoring. (getting targets for relationship </Root/Ref_Xform/Ref/R_finger1_link/R_finger1_link/visuals/finger1_link.material:binding> on stage @/home/ubuntu/tai/assets/resources/Collected_Task4/SubUSDs/2_small_warehouse2.usd@ <0x56078ec0>)

2026-05-22T17:57:37Z [26,651ms] [Warning] [omni.usd] Warning: in _ReportErrors at line 3172 of /builds/omniverse/usd-ci/USD/pxr/usd/usd/stage.cpp -- In </Root/Ref_Xform/Ref/R_finger2_link/R_finger2_link/visuals/finger2_link.material:binding>: The relationship target </World/s2_v1/Looks/material_CAD1EE> from </Flattened_Prototype_1/finger2_link.material:binding> in layer @/home/ubuntu/tai/assets/resources/Collected_s2_v1_ecbg/SubUSDs/R_finger2_link.usd@ refers to a path outside the scope of the reference from </Root/R_finger2_link/visuals>.  Ignoring. (getting targets for relationship </Root/Ref_Xform/Ref/R_finger2_link/R_finger2_link/visuals/finger2_link.material:binding> on stage @/home/ubuntu/tai/assets/resources/Collected_Task4/SubUSDs/2_small_warehouse2.usd@ <0x56078ec0>)

2026-05-22T17:57:37Z [26,831ms] [Warning] [omni.physx.plugin] Stiffness attribute is unsupported for articulation joints and will be ignored (/Root/Ref_Xform/Ref/joints/L_finger1_joint).
2026-05-22T17:57:37Z [26,831ms] [Warning] [omni.physx.plugin] Restitution attribute is unsupported for articulation joints and will be ignored (/Root/Ref_Xform/Ref/joints/L_finger1_joint).
2026-05-22T17:57:37Z [26,832ms] [Warning] [omni.physx.plugin] Stiffness attribute is unsupported for articulation joints and will be ignored (/Root/Ref_Xform/Ref/joints/L_finger2_joint).
2026-05-22T17:57:37Z [26,832ms] [Warning] [omni.physx.plugin] Restitution attribute is unsupported for articulation joints and will be ignored (/Root/Ref_Xform/Ref/joints/L_finger2_joint).
2026-05-22T17:57:37Z [26,832ms] [Warning] [omni.physx.plugin] Stiffness attribute is unsupported for articulation joints and will be ignored (/Root/Ref_Xform/Ref/joints/R_finger1_joint).
2026-05-22T17:57:37Z [26,832ms] [Warning] [omni.physx.plugin] Damping attribute is unsupported for articulation joints and will be ignored (/Root/Ref_Xform/Ref/joints/R_finger1_joint).
2026-05-22T17:57:37Z [26,832ms] [Warning] [omni.physx.plugin] Stiffness attribute is unsupported for articulation joints and will be ignored (/Root/Ref_Xform/Ref/joints/R_finger2_joint).
2026-05-22T17:57:37Z [26,832ms] [Warning] [omni.physx.plugin] Restitution attribute is unsupported for articulation joints and will be ignored (/Root/Ref_Xform/Ref/joints/R_finger2_joint).
2026-05-22T17:57:37Z [26,832ms] [Warning] [omni.physx.plugin] Stiffness attribute is unsupported for articulation joints and will be ignored (/Root/Ref_Xform/Ref/joints/L_finger1_joint).
2026-05-22T17:57:37Z [26,832ms] [Warning] [omni.physx.plugin] Restitution attribute is unsupported for articulation joints and will be ignored (/Root/Ref_Xform/Ref/joints/L_finger1_joint).
2026-05-22T17:57:37Z [26,832ms] [Warning] [omni.physx.plugin] Stiffness attribute is unsupported for articulation joints and will be ignored (/Root/Ref_Xform/Ref/joints/L_finger2_joint).
2026-05-22T17:57:37Z [26,832ms] [Warning] [omni.physx.plugin] Restitution attribute is unsupported for articulation joints and will be ignored (/Root/Ref_Xform/Ref/joints/L_finger2_joint).
2026-05-22T17:57:37Z [26,832ms] [Warning] [omni.physx.plugin] Stiffness attribute is unsupported for articulation joints and will be ignored (/Root/Ref_Xform/Ref/joints/R_finger1_joint).
2026-05-22T17:57:37Z [26,832ms] [Warning] [omni.physx.plugin] Damping attribute is unsupported for articulation joints and will be ignored (/Root/Ref_Xform/Ref/joints/R_finger1_joint).
2026-05-22T17:57:37Z [26,832ms] [Warning] [omni.physx.plugin] Stiffness attribute is unsupported for articulation joints and will be ignored (/Root/Ref_Xform/Ref/joints/R_finger2_joint).
2026-05-22T17:57:37Z [26,832ms] [Warning] [omni.physx.plugin] Restitution attribute is unsupported for articulation joints and will be ignored (/Root/Ref_Xform/Ref/joints/R_finger2_joint).
2026-05-22T17:57:37Z [26,832ms] [Warning] [omni.physx.plugin] Stiffness attribute is unsupported for articulation joints and will be ignored (/Root/Ref_Xform/Ref/joints/L_finger1_joint).
2026-05-22T17:57:37Z [26,832ms] [Warning] [omni.physx.plugin] Restitution attribute is unsupported for articulation joints and will be ignored (/Root/Ref_Xform/Ref/joints/L_finger1_joint).
2026-05-22T17:57:37Z [26,832ms] [Warning] [omni.physx.plugin] Stiffness attribute is unsupported for articulation joints and will be ignored (/Root/Ref_Xform/Ref/joints/L_finger2_joint).
2026-05-22T17:57:37Z [26,832ms] [Warning] [omni.physx.plugin] Restitution attribute is unsupported for articulation joints and will be ignored (/Root/Ref_Xform/Ref/joints/L_finger2_joint).
2026-05-22T17:57:37Z [26,832ms] [Warning] [omni.physx.plugin] Stiffness attribute is unsupported for articulation joints and will be ignored (/Root/Ref_Xform/Ref/joints/R_finger1_joint).
2026-05-22T17:57:37Z [26,832ms] [Warning] [omni.physx.plugin] Damping attribute is unsupported for articulation joints and will be ignored (/Root/Ref_Xform/Ref/joints/R_finger1_joint).
2026-05-22T17:57:37Z [26,832ms] [Warning] [omni.physx.plugin] Stiffness attribute is unsupported for articulation joints and will be ignored (/Root/Ref_Xform/Ref/joints/R_finger2_joint).
2026-05-22T17:57:37Z [26,832ms] [Warning] [omni.physx.plugin] Restitution attribute is unsupported for articulation joints and will be ignored (/Root/Ref_Xform/Ref/joints/R_finger2_joint).
2026-05-22T17:57:37Z [26,832ms] [Warning] [omni.physx.plugin] Stiffness attribute is unsupported for articulation joints and will be ignored (/Root/Ref_Xform/Ref/joints/L_finger1_joint).
2026-05-22T17:57:37Z [26,832ms] [Warning] [omni.physx.plugin] Restitution attribute is unsupported for articulation joints and will be ignored (/Root/Ref_Xform/Ref/joints/L_finger1_joint).
2026-05-22T17:57:37Z [26,832ms] [Warning] [omni.physx.plugin] Stiffness attribute is unsupported for articulation joints and will be ignored (/Root/Ref_Xform/Ref/joints/L_finger2_joint).
2026-05-22T17:57:37Z [26,832ms] [Warning] [omni.physx.plugin] Restitution attribute is unsupported for articulation joints and will be ignored (/Root/Ref_Xform/Ref/joints/L_finger2_joint).
2026-05-22T17:57:37Z [26,832ms] [Warning] [omni.physx.plugin] Stiffness attribute is unsupported for articulation joints and will be ignored (/Root/Ref_Xform/Ref/joints/R_finger1_joint).
2026-05-22T17:57:37Z [26,832ms] [Warning] [omni.physx.plugin] Damping attribute is unsupported for articulation joints and will be ignored (/Root/Ref_Xform/Ref/joints/R_finger1_joint).
2026-05-22T17:57:37Z [26,832ms] [Warning] [omni.physx.plugin] Stiffness attribute is unsupported for articulation joints and will be ignored (/Root/Ref_Xform/Ref/joints/R_finger2_joint).
2026-05-22T17:57:37Z [26,832ms] [Warning] [omni.physx.plugin] Restitution attribute is unsupported for articulation joints and will be ignored (/Root/Ref_Xform/Ref/joints/R_finger2_joint).
2026-05-22T17:57:37Z [26,832ms] [Warning] [omni.physx.plugin] Stiffness attribute is unsupported for articulation joints and will be ignored (/Root/Ref_Xform/Ref/joints/L_finger1_joint).
2026-05-22T17:57:37Z [26,832ms] [Warning] [omni.physx.plugin] Restitution attribute is unsupported for articulation joints and will be ignored (/Root/Ref_Xform/Ref/joints/L_finger1_joint).
2026-05-22T17:57:37Z [26,832ms] [Warning] [omni.physx.plugin] Stiffness attribute is unsupported for articulation joints and will be ignored (/Root/Ref_Xform/Ref/joints/L_finger2_joint).
2026-05-22T17:57:37Z [26,832ms] [Warning] [omni.physx.plugin] Restitution attribute is unsupported for articulation joints and will be ignored (/Root/Ref_Xform/Ref/joints/L_finger2_joint).
2026-05-22T17:57:37Z [26,832ms] [Warning] [omni.physx.plugin] Stiffness attribute is unsupported for articulation joints and will be ignored (/Root/Ref_Xform/Ref/joints/R_finger1_joint).
2026-05-22T17:57:37Z [26,832ms] [Warning] [omni.physx.plugin] Damping attribute is unsupported for articulation joints and will be ignored (/Root/Ref_Xform/Ref/joints/R_finger1_joint).
2026-05-22T17:57:37Z [26,832ms] [Warning] [omni.physx.plugin] Stiffness attribute is unsupported for articulation joints and will be ignored (/Root/Ref_Xform/Ref/joints/R_finger2_joint).
2026-05-22T17:57:37Z [26,832ms] [Warning] [omni.physx.plugin] Restitution attribute is unsupported for articulation joints and will be ignored (/Root/Ref_Xform/Ref/joints/R_finger2_joint).
2026-05-22T17:57:37Z [26,832ms] [Warning] [omni.physx.plugin] Stiffness attribute is unsupported for articulation joints and will be ignored (/Root/Ref_Xform/Ref/joints/L_finger1_joint).
2026-05-22T17:57:37Z [26,832ms] [Warning] [omni.physx.plugin] Restitution attribute is unsupported for articulation joints and will be ignored (/Root/Ref_Xform/Ref/joints/L_finger1_joint).
2026-05-22T17:57:37Z [26,832ms] [Warning] [omni.physx.plugin] Stiffness attribute is unsupported for articulation joints and will be ignored (/Root/Ref_Xform/Ref/joints/L_finger2_joint).
2026-05-22T17:57:37Z [26,832ms] [Warning] [omni.physx.plugin] Restitution attribute is unsupported for articulation joints and will be ignored (/Root/Ref_Xform/Ref/joints/L_finger2_joint).
2026-05-22T17:57:37Z [26,832ms] [Warning] [omni.physx.plugin] Stiffness attribute is unsupported for articulation joints and will be ignored (/Root/Ref_Xform/Ref/joints/R_finger1_joint).
2026-05-22T17:57:37Z [26,832ms] [Warning] [omni.physx.plugin] Damping attribute is unsupported for articulation joints and will be ignored (/Root/Ref_Xform/Ref/joints/R_finger1_joint).
2026-05-22T17:57:37Z [26,832ms] [Warning] [omni.physx.plugin] Stiffness attribute is unsupported for articulation joints and will be ignored (/Root/Ref_Xform/Ref/joints/R_finger2_joint).
2026-05-22T17:57:37Z [26,842ms] [Warning] [omni.physx.plugin] Restitution attribute is unsupported for articulation joints and will be ignored (/Root/Ref_Xform/Ref/joints/R_finger2_joint).
2026-05-22T17:57:37Z [26,843ms] [Warning] [omni.physx.plugin] Stiffness attribute is unsupported for articulation joints and will be ignored (/Root/Ref_Xform/Ref/joints/L_finger1_joint).
2026-05-22T17:57:37Z [26,843ms] [Warning] [omni.physx.plugin] Restitution attribute is unsupported for articulation joints and will be ignored (/Root/Ref_Xform/Ref/joints/L_finger1_joint).
2026-05-22T17:57:37Z [26,843ms] [Warning] [omni.physx.plugin] Stiffness attribute is unsupported for articulation joints and will be ignored (/Root/Ref_Xform/Ref/joints/L_finger2_joint).
2026-05-22T17:57:37Z [26,843ms] [Warning] [omni.physx.plugin] Restitution attribute is unsupported for articulation joints and will be ignored (/Root/Ref_Xform/Ref/joints/L_finger2_joint).
2026-05-22T17:57:37Z [26,843ms] [Warning] [omni.physx.plugin] Stiffness attribute is unsupported for articulation joints and will be ignored (/Root/Ref_Xform/Ref/joints/R_finger1_joint).
2026-05-22T17:57:37Z [26,843ms] [Warning] [omni.physx.plugin] Damping attribute is unsupported for articulation joints and will be ignored (/Root/Ref_Xform/Ref/joints/R_finger1_joint).
2026-05-22T17:57:37Z [26,843ms] [Warning] [omni.physx.plugin] Stiffness attribute is unsupported for articulation joints and will be ignored (/Root/Ref_Xform/Ref/joints/R_finger2_joint).
2026-05-22T17:57:37Z [26,843ms] [Warning] [omni.physx.plugin] Restitution attribute is unsupported for articulation joints and will be ignored (/Root/Ref_Xform/Ref/joints/R_finger2_joint).
2026-05-22T17:57:37Z [26,843ms] [Warning] [omni.physx.plugin] Stiffness attribute is unsupported for articulation joints and will be ignored (/Root/Ref_Xform/Ref/joints/L_finger1_joint).
2026-05-22T17:57:37Z [26,843ms] [Warning] [omni.physx.plugin] Restitution attribute is unsupported for articulation joints and will be ignored (/Root/Ref_Xform/Ref/joints/L_finger1_joint).
2026-05-22T17:57:37Z [26,843ms] [Warning] [omni.physx.plugin] Stiffness attribute is unsupported for articulation joints and will be ignored (/Root/Ref_Xform/Ref/joints/L_finger2_joint).
2026-05-22T17:57:37Z [26,843ms] [Warning] [omni.physx.plugin] Restitution attribute is unsupported for articulation joints and will be ignored (/Root/Ref_Xform/Ref/joints/L_finger2_joint).
2026-05-22T17:57:37Z [26,843ms] [Warning] [omni.physx.plugin] Stiffness attribute is unsupported for articulation joints and will be ignored (/Root/Ref_Xform/Ref/joints/R_finger1_joint).
2026-05-22T17:57:37Z [26,843ms] [Warning] [omni.physx.plugin] Damping attribute is unsupported for articulation joints and will be ignored (/Root/Ref_Xform/Ref/joints/R_finger1_joint).
2026-05-22T17:57:37Z [26,843ms] [Warning] [omni.physx.plugin] Stiffness attribute is unsupported for articulation joints and will be ignored (/Root/Ref_Xform/Ref/joints/R_finger2_joint).
2026-05-22T17:57:37Z [26,843ms] [Warning] [omni.physx.plugin] Restitution attribute is unsupported for articulation joints and will be ignored (/Root/Ref_Xform/Ref/joints/R_finger2_joint).
2026-05-22T17:57:37Z [26,843ms] [Warning] [omni.physx.plugin] Stiffness attribute is unsupported for articulation joints and will be ignored (/Root/Ref_Xform/Ref/joints/L_finger1_joint).
2026-05-22T17:57:37Z [26,843ms] [Warning] [omni.physx.plugin] Restitution attribute is unsupported for articulation joints and will be ignored (/Root/Ref_Xform/Ref/joints/L_finger1_joint).
2026-05-22T17:57:37Z [26,843ms] [Warning] [omni.physx.plugin] Stiffness attribute is unsupported for articulation joints and will be ignored (/Root/Ref_Xform/Ref/joints/L_finger2_joint).
2026-05-22T17:57:37Z [26,843ms] [Warning] [omni.physx.plugin] Restitution attribute is unsupported for articulation joints and will be ignored (/Root/Ref_Xform/Ref/joints/L_finger2_joint).
2026-05-22T17:57:37Z [26,843ms] [Warning] [omni.physx.plugin] Stiffness attribute is unsupported for articulation joints and will be ignored (/Root/Ref_Xform/Ref/joints/R_finger1_joint).
2026-05-22T17:57:37Z [26,843ms] [Warning] [omni.physx.plugin] Damping attribute is unsupported for articulation joints and will be ignored (/Root/Ref_Xform/Ref/joints/R_finger1_joint).
2026-05-22T17:57:37Z [26,843ms] [Warning] [omni.physx.plugin] Stiffness attribute is unsupported for articulation joints and will be ignored (/Root/Ref_Xform/Ref/joints/R_finger2_joint).
2026-05-22T17:57:37Z [26,843ms] [Warning] [omni.physx.plugin] Restitution attribute is unsupported for articulation joints and will be ignored (/Root/Ref_Xform/Ref/joints/R_finger2_joint).
2026-05-22T17:57:37Z [26,843ms] [Warning] [omni.physx.plugin] Stiffness attribute is unsupported for articulation joints and will be ignored (/Root/Ref_Xform/Ref/joints/L_finger1_joint).
2026-05-22T17:57:37Z [26,843ms] [Warning] [omni.physx.plugin] Restitution attribute is unsupported for articulation joints and will be ignored (/Root/Ref_Xform/Ref/joints/L_finger1_joint).
2026-05-22T17:57:37Z [26,843ms] [Warning] [omni.physx.plugin] Stiffness attribute is unsupported for articulation joints and will be ignored (/Root/Ref_Xform/Ref/joints/L_finger2_joint).
2026-05-22T17:57:37Z [26,843ms] [Warning] [omni.physx.plugin] Restitution attribute is unsupported for articulation joints and will be ignored (/Root/Ref_Xform/Ref/joints/L_finger2_joint).
2026-05-22T17:57:37Z [26,843ms] [Warning] [omni.physx.plugin] Stiffness attribute is unsupported for articulation joints and will be ignored (/Root/Ref_Xform/Ref/joints/R_finger1_joint).
2026-05-22T17:57:37Z [26,843ms] [Warning] [omni.physx.plugin] Damping attribute is unsupported for articulation joints and will be ignored (/Root/Ref_Xform/Ref/joints/R_finger1_joint).
2026-05-22T17:57:37Z [26,843ms] [Warning] [omni.physx.plugin] Stiffness attribute is unsupported for articulation joints and will be ignored (/Root/Ref_Xform/Ref/joints/R_finger2_joint).
2026-05-22T17:57:37Z [26,843ms] [Warning] [omni.physx.plugin] Restitution attribute is unsupported for articulation joints and will be ignored (/Root/Ref_Xform/Ref/joints/R_finger2_joint).
2026-05-22T17:57:37Z [26,843ms] [Warning] [omni.physx.plugin] Stiffness attribute is unsupported for articulation joints and will be ignored (/Root/Ref_Xform/Ref/joints/L_finger1_joint).
2026-05-22T17:57:37Z [26,843ms] [Warning] [omni.physx.plugin] Restitution attribute is unsupported for articulation joints and will be ignored (/Root/Ref_Xform/Ref/joints/L_finger1_joint).
2026-05-22T17:57:37Z [26,843ms] [Warning] [omni.physx.plugin] Stiffness attribute is unsupported for articulation joints and will be ignored (/Root/Ref_Xform/Ref/joints/L_finger2_joint).
2026-05-22T17:57:37Z [26,843ms] [Warning] [omni.physx.plugin] Restitution attribute is unsupported for articulation joints and will be ignored (/Root/Ref_Xform/Ref/joints/L_finger2_joint).
2026-05-22T17:57:37Z [26,843ms] [Warning] [omni.physx.plugin] Stiffness attribute is unsupported for articulation joints and will be ignored (/Root/Ref_Xform/Ref/joints/R_finger1_joint).
2026-05-22T17:57:37Z [26,843ms] [Warning] [omni.physx.plugin] Damping attribute is unsupported for articulation joints and will be ignored (/Root/Ref_Xform/Ref/joints/R_finger1_joint).
2026-05-22T17:57:37Z [26,843ms] [Warning] [omni.physx.plugin] Stiffness attribute is unsupported for articulation joints and will be ignored (/Root/Ref_Xform/Ref/joints/R_finger2_joint).
2026-05-22T17:57:37Z [26,843ms] [Warning] [omni.physx.plugin] Restitution attribute is unsupported for articulation joints and will be ignored (/Root/Ref_Xform/Ref/joints/R_finger2_joint).
2026-05-22T17:57:37Z [26,843ms] [Warning] [omni.physx.plugin] Stiffness attribute is unsupported for articulation joints and will be ignored (/Root/Ref_Xform/Ref/joints/L_finger1_joint).
2026-05-22T17:57:37Z [26,843ms] [Warning] [omni.physx.plugin] Restitution attribute is unsupported for articulation joints and will be ignored (/Root/Ref_Xform/Ref/joints/L_finger1_joint).
2026-05-22T17:57:37Z [26,843ms] [Warning] [omni.physx.plugin] Stiffness attribute is unsupported for articulation joints and will be ignored (/Root/Ref_Xform/Ref/joints/L_finger2_joint).
2026-05-22T17:57:37Z [26,843ms] [Warning] [omni.physx.plugin] Restitution attribute is unsupported for articulation joints and will be ignored (/Root/Ref_Xform/Ref/joints/L_finger2_joint).
2026-05-22T17:57:37Z [26,843ms] [Warning] [omni.physx.plugin] Stiffness attribute is unsupported for articulation joints and will be ignored (/Root/Ref_Xform/Ref/joints/R_finger1_joint).
2026-05-22T17:57:37Z [26,845ms] [Warning] [omni.physx.plugin] Damping attribute is unsupported for articulation joints and will be ignored (/Root/Ref_Xform/Ref/joints/R_finger1_joint).
2026-05-22T17:57:37Z [26,845ms] [Warning] [omni.physx.plugin] Stiffness attribute is unsupported for articulation joints and will be ignored (/Root/Ref_Xform/Ref/joints/R_finger2_joint).
2026-05-22T17:57:37Z [26,845ms] [Warning] [omni.physx.plugin] Restitution attribute is unsupported for articulation joints and will be ignored (/Root/Ref_Xform/Ref/joints/R_finger2_joint).
2026-05-22T17:57:37Z [26,845ms] [Warning] [omni.physx.plugin] Stiffness attribute is unsupported for articulation joints and will be ignored (/Root/Ref_Xform/Ref/joints/L_finger1_joint).
2026-05-22T17:57:37Z [26,845ms] [Warning] [omni.physx.plugin] Restitution attribute is unsupported for articulation joints and will be ignored (/Root/Ref_Xform/Ref/joints/L_finger1_joint).
2026-05-22T17:57:37Z [26,845ms] [Warning] [omni.physx.plugin] Stiffness attribute is unsupported for articulation joints and will be ignored (/Root/Ref_Xform/Ref/joints/L_finger2_joint).
2026-05-22T17:57:37Z [26,845ms] [Warning] [omni.physx.plugin] Restitution attribute is unsupported for articulation joints and will be ignored (/Root/Ref_Xform/Ref/joints/L_finger2_joint).
2026-05-22T17:57:37Z [26,845ms] [Warning] [omni.physx.plugin] Stiffness attribute is unsupported for articulation joints and will be ignored (/Root/Ref_Xform/Ref/joints/R_finger1_joint).
2026-05-22T17:57:37Z [26,845ms] [Warning] [omni.physx.plugin] Damping attribute is unsupported for articulation joints and will be ignored (/Root/Ref_Xform/Ref/joints/R_finger1_joint).
2026-05-22T17:57:37Z [26,845ms] [Warning] [omni.physx.plugin] Stiffness attribute is unsupported for articulation joints and will be ignored (/Root/Ref_Xform/Ref/joints/R_finger2_joint).
2026-05-22T17:57:37Z [26,845ms] [Warning] [omni.physx.plugin] Restitution attribute is unsupported for articulation joints and will be ignored (/Root/Ref_Xform/Ref/joints/R_finger2_joint).
2026-05-22T17:57:37Z [26,846ms] [Warning] [omni.physx.plugin] Stiffness attribute is unsupported for articulation joints and will be ignored (/Root/Ref_Xform/Ref/joints/L_finger1_joint).
2026-05-22T17:57:37Z [26,846ms] [Warning] [omni.physx.plugin] Restitution attribute is unsupported for articulation joints and will be ignored (/Root/Ref_Xform/Ref/joints/L_finger1_joint).
2026-05-22T17:57:37Z [26,846ms] [Warning] [omni.physx.plugin] Stiffness attribute is unsupported for articulation joints and will be ignored (/Root/Ref_Xform/Ref/joints/L_finger2_joint).
2026-05-22T17:57:37Z [26,846ms] [Warning] [omni.physx.plugin] Restitution attribute is unsupported for articulation joints and will be ignored (/Root/Ref_Xform/Ref/joints/L_finger2_joint).
2026-05-22T17:57:37Z [26,846ms] [Warning] [omni.physx.plugin] Stiffness attribute is unsupported for articulation joints and will be ignored (/Root/Ref_Xform/Ref/joints/R_finger1_joint).
2026-05-22T17:57:37Z [26,846ms] [Warning] [omni.physx.plugin] Damping attribute is unsupported for articulation joints and will be ignored (/Root/Ref_Xform/Ref/joints/R_finger1_joint).
2026-05-22T17:57:37Z [26,846ms] [Warning] [omni.physx.plugin] Stiffness attribute is unsupported for articulation joints and will be ignored (/Root/Ref_Xform/Ref/joints/R_finger2_joint).
2026-05-22T17:57:37Z [26,846ms] [Warning] [omni.physx.plugin] Restitution attribute is unsupported for articulation joints and will be ignored (/Root/Ref_Xform/Ref/joints/R_finger2_joint).
2026-05-22T17:57:37Z [26,846ms] [Warning] [omni.physx.plugin] Stiffness attribute is unsupported for articulation joints and will be ignored (/Root/Ref_Xform/Ref/joints/L_finger2_joint).
2026-05-22T17:57:37Z [26,846ms] [Warning] [omni.physx.plugin] Restitution attribute is unsupported for articulation joints and will be ignored (/Root/Ref_Xform/Ref/joints/L_finger2_joint).
2026-05-22T17:57:37Z [26,846ms] [Warning] [omni.physx.plugin] Stiffness attribute is unsupported for articulation joints and will be ignored (/Root/Ref_Xform/Ref/joints/R_finger1_joint).
2026-05-22T17:57:37Z [26,846ms] [Warning] [omni.physx.plugin] Damping attribute is unsupported for articulation joints and will be ignored (/Root/Ref_Xform/Ref/joints/R_finger1_joint).
2026-05-22T17:57:37Z [26,846ms] [Warning] [omni.physx.plugin] Stiffness attribute is unsupported for articulation joints and will be ignored (/Root/Ref_Xform/Ref/joints/R_finger2_joint).
2026-05-22T17:57:37Z [26,846ms] [Warning] [omni.physx.plugin] Restitution attribute is unsupported for articulation joints and will be ignored (/Root/Ref_Xform/Ref/joints/R_finger2_joint).
2026-05-22T17:57:37Z [26,846ms] [Warning] [omni.physx.plugin] Stiffness attribute is unsupported for articulation joints and will be ignored (/Root/Ref_Xform/Ref/joints/R_finger1_joint).
2026-05-22T17:57:37Z [26,846ms] [Warning] [omni.physx.plugin] Damping attribute is unsupported for articulation joints and will be ignored (/Root/Ref_Xform/Ref/joints/R_finger1_joint).
2026-05-22T17:57:37Z [26,846ms] [Warning] [omni.physx.plugin] Stiffness attribute is unsupported for articulation joints and will be ignored (/Root/Ref_Xform/Ref/joints/R_finger2_joint).
2026-05-22T17:57:37Z [26,846ms] [Warning] [omni.physx.plugin] Restitution attribute is unsupported for articulation joints and will be ignored (/Root/Ref_Xform/Ref/joints/R_finger2_joint).
2026-05-22T17:57:37Z [26,846ms] [Warning] [omni.physx.plugin] Stiffness attribute is unsupported for articulation joints and will be ignored (/Root/Ref_Xform/Ref/joints/R_finger1_joint).
2026-05-22T17:57:37Z [26,846ms] [Warning] [omni.physx.plugin] Damping attribute is unsupported for articulation joints and will be ignored (/Root/Ref_Xform/Ref/joints/R_finger1_joint).
2026-05-22T17:57:37Z [26,846ms] [Warning] [omni.physx.plugin] Stiffness attribute is unsupported for articulation joints and will be ignored (/Root/Ref_Xform/Ref/joints/R_finger2_joint).
2026-05-22T17:57:37Z [26,846ms] [Warning] [omni.physx.plugin] Restitution attribute is unsupported for articulation joints and will be ignored (/Root/Ref_Xform/Ref/joints/R_finger2_joint).
2026-05-22T17:57:37Z [26,846ms] [Warning] [omni.physx.plugin] Stiffness attribute is unsupported for articulation joints and will be ignored (/Root/Ref_Xform/Ref/joints/R_finger1_joint).
2026-05-22T17:57:37Z [26,846ms] [Warning] [omni.physx.plugin] Damping attribute is unsupported for articulation joints and will be ignored (/Root/Ref_Xform/Ref/joints/R_finger1_joint).
2026-05-22T17:57:37Z [26,846ms] [Warning] [omni.physx.plugin] Stiffness attribute is unsupported for articulation joints and will be ignored (/Root/Ref_Xform/Ref/joints/R_finger2_joint).
2026-05-22T17:57:37Z [26,846ms] [Warning] [omni.physx.plugin] Restitution attribute is unsupported for articulation joints and will be ignored (/Root/Ref_Xform/Ref/joints/R_finger2_joint).
2026-05-22T17:57:37Z [26,846ms] [Warning] [omni.physx.plugin] Stiffness attribute is unsupported for articulation joints and will be ignored (/Root/Ref_Xform/Ref/joints/R_finger1_joint).
2026-05-22T17:57:37Z [26,846ms] [Warning] [omni.physx.plugin] Damping attribute is unsupported for articulation joints and will be ignored (/Root/Ref_Xform/Ref/joints/R_finger1_joint).
2026-05-22T17:57:37Z [26,846ms] [Warning] [omni.physx.plugin] Stiffness attribute is unsupported for articulation joints and will be ignored (/Root/Ref_Xform/Ref/joints/R_finger2_joint).
2026-05-22T17:57:37Z [26,846ms] [Warning] [omni.physx.plugin] Restitution attribute is unsupported for articulation joints and will be ignored (/Root/Ref_Xform/Ref/joints/R_finger2_joint).
2026-05-22T17:57:37Z [26,846ms] [Warning] [omni.physx.plugin] Stiffness attribute is unsupported for articulation joints and will be ignored (/Root/Ref_Xform/Ref/joints/R_finger1_joint).
2026-05-22T17:57:37Z [26,854ms] [Warning] [omni.physx.plugin] Damping attribute is unsupported for articulation joints and will be ignored (/Root/Ref_Xform/Ref/joints/R_finger1_joint).
2026-05-22T17:57:37Z [26,854ms] [Warning] [omni.physx.plugin] Stiffness attribute is unsupported for articulation joints and will be ignored (/Root/Ref_Xform/Ref/joints/R_finger2_joint).
2026-05-22T17:57:37Z [26,854ms] [Warning] [omni.physx.plugin] Restitution attribute is unsupported for articulation joints and will be ignored (/Root/Ref_Xform/Ref/joints/R_finger2_joint).
2026-05-22T17:57:37Z [26,854ms] [Warning] [omni.physx.plugin] Stiffness attribute is unsupported for articulation joints and will be ignored (/Root/Ref_Xform/Ref/joints/R_finger1_joint).
2026-05-22T17:57:37Z [26,854ms] [Warning] [omni.physx.plugin] Damping attribute is unsupported for articulation joints and will be ignored (/Root/Ref_Xform/Ref/joints/R_finger1_joint).
2026-05-22T17:57:37Z [26,854ms] [Warning] [omni.physx.plugin] Stiffness attribute is unsupported for articulation joints and will be ignored (/Root/Ref_Xform/Ref/joints/R_finger2_joint).
2026-05-22T17:57:37Z [26,854ms] [Warning] [omni.physx.plugin] Restitution attribute is unsupported for articulation joints and will be ignored (/Root/Ref_Xform/Ref/joints/R_finger2_joint).
2026-05-22T17:57:37Z [26,854ms] [Warning] [omni.physx.plugin] Stiffness attribute is unsupported for articulation joints and will be ignored (/Root/Ref_Xform/Ref/joints/R_finger1_joint).
2026-05-22T17:57:37Z [26,854ms] [Warning] [omni.physx.plugin] Damping attribute is unsupported for articulation joints and will be ignored (/Root/Ref_Xform/Ref/joints/R_finger1_joint).
2026-05-22T17:57:37Z [26,854ms] [Warning] [omni.physx.plugin] Stiffness attribute is unsupported for articulation joints and will be ignored (/Root/Ref_Xform/Ref/joints/R_finger2_joint).
2026-05-22T17:57:37Z [26,854ms] [Warning] [omni.physx.plugin] Restitution attribute is unsupported for articulation joints and will be ignored (/Root/Ref_Xform/Ref/joints/R_finger2_joint).
2026-05-22T17:57:37Z [26,854ms] [Warning] [omni.physx.plugin] Stiffness attribute is unsupported for articulation joints and will be ignored (/Root/Ref_Xform/Ref/joints/R_finger1_joint).
2026-05-22T17:57:37Z [26,854ms] [Warning] [omni.physx.plugin] Damping attribute is unsupported for articulation joints and will be ignored (/Root/Ref_Xform/Ref/joints/R_finger1_joint).
2026-05-22T17:57:37Z [26,854ms] [Warning] [omni.physx.plugin] Stiffness attribute is unsupported for articulation joints and will be ignored (/Root/Ref_Xform/Ref/joints/R_finger2_joint).
2026-05-22T17:57:37Z [26,854ms] [Warning] [omni.physx.plugin] Restitution attribute is unsupported for articulation joints and will be ignored (/Root/Ref_Xform/Ref/joints/R_finger2_joint).
2026-05-22T17:57:37Z [26,854ms] [Warning] [omni.physx.plugin] Stiffness attribute is unsupported for articulation joints and will be ignored (/Root/Ref_Xform/Ref/joints/R_finger1_joint).
2026-05-22T17:57:37Z [26,854ms] [Warning] [omni.physx.plugin] Damping attribute is unsupported for articulation joints and will be ignored (/Root/Ref_Xform/Ref/joints/R_finger1_joint).
2026-05-22T17:57:37Z [26,854ms] [Warning] [omni.physx.plugin] Stiffness attribute is unsupported for articulation joints and will be ignored (/Root/Ref_Xform/Ref/joints/R_finger2_joint).
2026-05-22T17:57:37Z [26,854ms] [Warning] [omni.physx.plugin] Restitution attribute is unsupported for articulation joints and will be ignored (/Root/Ref_Xform/Ref/joints/R_finger2_joint).
2026-05-22T17:57:37Z [26,855ms] [Warning] [omni.physx.plugin] Stiffness attribute is unsupported for articulation joints and will be ignored (/Root/Ref_Xform/Ref/joints/R_finger1_joint).
2026-05-22T17:57:37Z [26,855ms] [Warning] [omni.physx.plugin] Damping attribute is unsupported for articulation joints and will be ignored (/Root/Ref_Xform/Ref/joints/R_finger1_joint).
2026-05-22T17:57:37Z [26,855ms] [Warning] [omni.physx.plugin] Stiffness attribute is unsupported for articulation joints and will be ignored (/Root/Ref_Xform/Ref/joints/R_finger2_joint).
2026-05-22T17:57:37Z [26,855ms] [Warning] [omni.physx.plugin] Restitution attribute is unsupported for articulation joints and will be ignored (/Root/Ref_Xform/Ref/joints/R_finger2_joint).
2026-05-22T17:57:37Z [26,855ms] [Warning] [omni.physx.plugin] Stiffness attribute is unsupported for articulation joints and will be ignored (/Root/Ref_Xform/Ref/joints/R_finger1_joint).
2026-05-22T17:57:37Z [26,855ms] [Warning] [omni.physx.plugin] Damping attribute is unsupported for articulation joints and will be ignored (/Root/Ref_Xform/Ref/joints/R_finger1_joint).
2026-05-22T17:57:37Z [26,855ms] [Warning] [omni.physx.plugin] Stiffness attribute is unsupported for articulation joints and will be ignored (/Root/Ref_Xform/Ref/joints/R_finger2_joint).
2026-05-22T17:57:37Z [26,855ms] [Warning] [omni.physx.plugin] Restitution attribute is unsupported for articulation joints and will be ignored (/Root/Ref_Xform/Ref/joints/R_finger2_joint).
2026-05-22T17:57:37Z [26,855ms] [Warning] [omni.physx.plugin] Stiffness attribute is unsupported for articulation joints and will be ignored (/Root/Ref_Xform/Ref/joints/R_finger2_joint).
2026-05-22T17:57:37Z [26,855ms] [Warning] [omni.physx.plugin] Restitution attribute is unsupported for articulation joints and will be ignored (/Root/Ref_Xform/Ref/joints/R_finger2_joint).
2026-05-22T17:57:37Z [26,868ms] [Warning] [isaacsim.sensors.camera.camera] 'verticalAperture' (0.004608000069856644) and 'horizontalAperture' (0.0057599999010562895) are inconsistent with the pixel resolution aspect ratio (1.0). Setting 'verticalAperture' to 0.0057599999010562895 to ensure square pixels.
2026-05-22T17:57:37Z [27,077ms] [Warning] [isaacsim.sensors.camera.camera] 'verticalAperture' (0.004608000069856644) and 'horizontalAperture' (0.0057599999010562895) are inconsistent with the pixel resolution aspect ratio (1.0). Setting 'verticalAperture' to 0.0057599999010562895 to ensure square pixels.
2026-05-22T17:57:37Z [27,139ms] [Warning] [isaacsim.sensors.camera.camera] 'verticalAperture' (1.5290800094604493) and 'horizontalAperture' (2.0954999923706055) are inconsistent with the pixel resolution aspect ratio (1.0). Setting 'verticalAperture' to 2.0954999923706055 to ensure square pixels.
2026-05-22T17:57:37Z [27,200ms] [Warning] [isaacsim.sensors.camera.camera] 'verticalAperture' (1.5290800094604493) and 'horizontalAperture' (2.0954999923706055) are inconsistent with the pixel resolution aspect ratio (1.0). Setting 'verticalAperture' to 2.0954999923706055 to ensure square pixels.
[DualArmIK] 初始 q 已保存 (非手臂关节将锁定到此值)
[DualArmIK] 中性构型已设置  left=[ 9.32247189e-02 -5.93322384e-01 -1.59587857e+00 -1.89635653e+00
  1.40004613e+00 -4.87409026e-04  9.98718010e-02]  right=[-9.32172766e-02 -5.93345561e-01  1.59586946e+00 -1.89636072e+00
 -1.40008743e+00  4.81440496e-04  9.98540762e-02]
[DualArmIK] 初始化完成  左臂 7 DOF, 右臂 7 DOF, 腰部腿部锁定 14 DOF
2026-05-22T17:57:37Z [27,398ms] [Warning] [omni.fabric.plugin] getAttributeCount called on non-existent path /Root/Ref_Xform/Ref/R_pgc_base_link/R_pgc_base_link/visuals/pgc_base_link/node_STL_BINARY_
2026-05-22T17:57:37Z [27,398ms] [Warning] [omni.fabric.plugin] getTypes called on non-existent path /Root/Ref_Xform/Ref/R_pgc_base_link/R_pgc_base_link/visuals/pgc_base_link/node_STL_BINARY_
2026-05-22T17:57:39Z [28,745ms] [Warning] [omni.hydra] Mesh '/Root/Ref_Xform/Ref/R_wrist_roll_link/wrist_roll_01' has corrupted data in primvar 'normal': buffer size 5191 doesn't match expected size 20790 in facevarying primvars
2026-05-22T17:57:39Z [29,065ms] [Warning] [rtx.postprocessing.plugin] DLSS increasing input dimensions: Render resolution of (64, 64) is below minimal input resolution of 300.
2026-05-22T17:57:40Z [29,972ms] [Warning] [omni.syntheticdata.plugin] OgnSdPostRenderVarToHost : rendervar copy from texture directly to host buffer is counter-performant. Please use copy from texture to device buffer first.
2026-05-22T17:57:42Z [32,123ms] [Warning] [carb] Client gpu.foundation.plugin has acquired [gpu::unstable::IMemoryBudgetManagerFactory v0.1] 100 times. Consider accessing this interface with carb::getCachedInterface() (Performance warning)
[2/5] Robot initialized
[3/5] Intrinsics: fx=259.1 fy=194.3
[Coordinate] torso_link world position: [ 0.70002121 -0.20463093  1.39217758]
[Coordinate] URDF root world position:  [ 0.69999517 -0.20001374  0.90053774]
[Coordinate] base rotation matrix:
[[ 7.45483990e-05 -9.99999996e-01  5.11129888e-05]
 [ 9.99999997e-01  7.45466128e-05 -3.49468277e-05]
 [ 3.49430173e-05  5.11155939e-05  9.99999998e-01]]
[4/5] Transforms ready
[5/5] Starting Task 1 FSM...
2026-05-22T17:57:44Z [33,712ms] [Warning] [isaacsim.core.simulation_manager.plugin] No adjacent samples found for interpolation at time 76/30
2026-05-22T17:57:44Z [33,712ms] [Warning] [isaacsim.core.simulation_manager.plugin] No adjacent samples found for interpolation at time 76/30
2026-05-22T17:57:44Z [33,713ms] [Warning] [isaacsim.core.simulation_manager.plugin] No adjacent samples found for interpolation at time 76/30
2026-05-22T17:57:44Z [33,713ms] [Warning] [isaacsim.core.simulation_manager.plugin] No adjacent samples found for interpolation at time 76/30
2026-05-22T17:57:44Z [33,805ms] [Warning] [isaacsim.core.simulation_manager.plugin] No adjacent samples found for interpolation at time 77/30
2026-05-22T17:57:44Z [33,805ms] [Warning] [isaacsim.core.simulation_manager.plugin] No adjacent samples found for interpolation at time 77/30
2026-05-22T17:57:44Z [33,806ms] [Warning] [isaacsim.core.simulation_manager.plugin] No adjacent samples found for interpolation at time 77/30
2026-05-22T17:57:44Z [33,806ms] [Warning] [isaacsim.core.simulation_manager.plugin] No adjacent samples found for interpolation at time 77/30
2026-05-22T17:57:44Z [33,897ms] [Warning] [isaacsim.core.simulation_manager.plugin] No adjacent samples found for interpolation at time 78/30
2026-05-22T17:57:44Z [33,898ms] [Warning] [isaacsim.core.simulation_manager.plugin] No adjacent samples found for interpolation at time 78/30
2026-05-22T17:57:44Z [33,898ms] [Warning] [isaacsim.core.simulation_manager.plugin] No adjacent samples found for interpolation at time 78/30
2026-05-22T17:57:44Z [33,898ms] [Warning] [isaacsim.core.simulation_manager.plugin] No adjacent samples found for interpolation at time 78/30
2026-05-22T17:57:44Z [33,988ms] [Warning] [isaacsim.core.simulation_manager.plugin] No adjacent samples found for interpolation at time 79/30
2026-05-22T17:57:44Z [33,989ms] [Warning] [isaacsim.core.simulation_manager.plugin] No adjacent samples found for interpolation at time 79/30
2026-05-22T17:57:44Z [33,989ms] [Warning] [isaacsim.core.simulation_manager.plugin] No adjacent samples found for interpolation at time 79/30
2026-05-22T17:57:44Z [33,989ms] [Warning] [isaacsim.core.simulation_manager.plugin] No adjacent samples found for interpolation at time 79/30
2026-05-22T17:57:44Z [34,078ms] [Warning] [isaacsim.core.simulation_manager.plugin] No adjacent samples found for interpolation at time 80/30
2026-05-22T17:57:44Z [34,078ms] [Warning] [isaacsim.core.simulation_manager.plugin] No adjacent samples found for interpolation at time 80/30
2026-05-22T17:57:44Z [34,078ms] [Warning] [isaacsim.core.simulation_manager.plugin] No adjacent samples found for interpolation at time 80/30
2026-05-22T17:57:44Z [34,079ms] [Warning] [isaacsim.core.simulation_manager.plugin] No adjacent samples found for interpolation at time 80/30
2026-05-22T17:57:44Z [34,167ms] [Warning] [isaacsim.core.simulation_manager.plugin] No adjacent samples found for interpolation at time 81/30
2026-05-22T17:57:44Z [34,167ms] [Warning] [isaacsim.core.simulation_manager.plugin] No adjacent samples found for interpolation at time 81/30
2026-05-22T17:57:44Z [34,167ms] [Warning] [isaacsim.core.simulation_manager.plugin] No adjacent samples found for interpolation at time 81/30
2026-05-22T17:57:44Z [34,168ms] [Warning] [isaacsim.core.simulation_manager.plugin] No adjacent samples found for interpolation at time 81/30
2026-05-22T17:57:45Z [34,432ms] [Warning] [isaacsim.core.simulation_manager.plugin] No adjacent samples found for interpolation at time 82/30
2026-05-22T17:57:45Z [34,433ms] [Warning] [isaacsim.core.simulation_manager.plugin] No adjacent samples found for interpolation at time 82/30
2026-05-22T17:57:45Z [34,433ms] [Warning] [isaacsim.core.simulation_manager.plugin] No adjacent samples found for interpolation at time 82/30
2026-05-22T17:57:45Z [34,434ms] [Warning] [isaacsim.core.simulation_manager.plugin] No adjacent samples found for interpolation at time 82/30
[Detect] 4 parts: ['part_A', 'part_A', 'part_B', 'part_B']
  part_A  world=[0.864 0.301 1.011]  yaw=-0.36rad
  part_A  world=[0.79  0.173 1.011]  yaw=-0.74rad
  part_B  world=[0.871 0.185 1.035]  yaw=1.48rad
  part_B  world=[0.857 0.239 1.015]  yaw=-1.76rad
[FSM] APPROACH part 0 (part_A) arm=right
[DualArmIK] right 臂连续失败，warm-start 已复位到初始构型
[DualArmIK] right 臂连续失败，warm-start 已复位到初始构型
[DualArmIK] right 臂连续失败，warm-start 已复位到初始构型
[DualArmIK] right 臂连续失败，warm-start 已复位到初始构型
[DualArmIK] right 臂连续失败，warm-start 已复位到初始构型
[DualArmIK] right 臂连续失败，warm-start 已复位到初始构型
[DualArmIK] 警告: 右臂 IK 未收敛 | pos_err=0.1449m rot_err=0.9517rad rot_tol=0.0050
[DualArmIK] right 臂连续失败，warm-start 已复位到初始构型
[DualArmIK] right 臂连续失败，warm-start 已复位到初始构型
[DualArmIK] right 臂连续失败，warm-start 已复位到初始构型
[DualArmIK] right 臂连续失败，warm-start 已复位到初始构型
[DualArmIK] right 臂连续失败，warm-start 已复位到初始构型
[DualArmIK] right 臂连续失败，warm-start 已复位到初始构型
[DualArmIK] right 臂连续失败，warm-start 已复位到初始构型
[DualArmIK] 警告: 右臂 IK 未收敛 | pos_err=0.1449m rot_err=0.9517rad rot_tol=0.0050
[DualArmIK] right 臂连续失败，warm-start 已复位到初始构型
[DualArmIK] right 臂连续失败，warm-start 已复位到初始构型
[DualArmIK] right 臂连续失败，warm-start 已复位到初始构型
[DualArmIK] right 臂连续失败，warm-start 已复位到初始构型
